Archive member included to satisfy reference by file (symbol)

c:/renesas/ra/e2studio_v2022-04_fsp_v3.8.0/toolchains/gcc_arm/gcc-arm-none-eabi-10.3-2021.10/bin/../lib/gcc/arm-none-eabi/10.3.1/thumb/v8-m.main+fp/hard\libgcc.a(_aeabi_ldivmod.o)
                              ./ra/fsp/src/r_sci_uart/r_sci_uart.o (__aeabi_ldivmod)
c:/renesas/ra/e2studio_v2022-04_fsp_v3.8.0/toolchains/gcc_arm/gcc-arm-none-eabi-10.3-2021.10/bin/../lib/gcc/arm-none-eabi/10.3.1/thumb/v8-m.main+fp/hard\libgcc.a(_udivmoddi4.o)
                              c:/renesas/ra/e2studio_v2022-04_fsp_v3.8.0/toolchains/gcc_arm/gcc-arm-none-eabi-10.3-2021.10/bin/../lib/gcc/arm-none-eabi/10.3.1/thumb/v8-m.main+fp/hard\libgcc.a(_aeabi_ldivmod.o) (__udivmoddi4)
c:/renesas/ra/e2studio_v2022-04_fsp_v3.8.0/toolchains/gcc_arm/gcc-arm-none-eabi-10.3-2021.10/bin/../lib/gcc/arm-none-eabi/10.3.1/thumb/v8-m.main+fp/hard\libgcc.a(_dvmd_tls.o)
                              c:/renesas/ra/e2studio_v2022-04_fsp_v3.8.0/toolchains/gcc_arm/gcc-arm-none-eabi-10.3-2021.10/bin/../lib/gcc/arm-none-eabi/10.3.1/thumb/v8-m.main+fp/hard\libgcc.a(_aeabi_ldivmod.o) (__aeabi_ldiv0)
c:/renesas/ra/e2studio_v2022-04_fsp_v3.8.0/toolchains/gcc_arm/gcc-arm-none-eabi-10.3-2021.10/bin/../lib/gcc/arm-none-eabi/10.3.1/../../../../arm-none-eabi/lib/thumb/v8-m.main+fp/hard\libg_nano.a(lib_a-errno.o)
                              ./ra/fsp/src/bsp/mcu/all/bsp_sbrk.o (__errno)
c:/renesas/ra/e2studio_v2022-04_fsp_v3.8.0/toolchains/gcc_arm/gcc-arm-none-eabi-10.3-2021.10/bin/../lib/gcc/arm-none-eabi/10.3.1/../../../../arm-none-eabi/lib/thumb/v8-m.main+fp/hard\libg_nano.a(lib_a-exit.o)
                              c:/renesas/ra/e2studio_v2022-04_fsp_v3.8.0/toolchains/gcc_arm/gcc-arm-none-eabi-10.3-2021.10/bin/../lib/gcc/arm-none-eabi/10.3.1/../../../../arm-none-eabi/lib/thumb/v8-m.main+fp/hard/rdimon-crt0.o (exit)
c:/renesas/ra/e2studio_v2022-04_fsp_v3.8.0/toolchains/gcc_arm/gcc-arm-none-eabi-10.3-2021.10/bin/../lib/gcc/arm-none-eabi/10.3.1/../../../../arm-none-eabi/lib/thumb/v8-m.main+fp/hard\libg_nano.a(lib_a-impure.o)
                              c:/renesas/ra/e2studio_v2022-04_fsp_v3.8.0/toolchains/gcc_arm/gcc-arm-none-eabi-10.3-2021.10/bin/../lib/gcc/arm-none-eabi/10.3.1/../../../../arm-none-eabi/lib/thumb/v8-m.main+fp/hard\libg_nano.a(lib_a-exit.o) (_global_impure_ptr)
c:/renesas/ra/e2studio_v2022-04_fsp_v3.8.0/toolchains/gcc_arm/gcc-arm-none-eabi-10.3-2021.10/bin/../lib/gcc/arm-none-eabi/10.3.1/../../../../arm-none-eabi/lib/thumb/v8-m.main+fp/hard\libg_nano.a(lib_a-init.o)
                              c:/renesas/ra/e2studio_v2022-04_fsp_v3.8.0/toolchains/gcc_arm/gcc-arm-none-eabi-10.3-2021.10/bin/../lib/gcc/arm-none-eabi/10.3.1/../../../../arm-none-eabi/lib/thumb/v8-m.main+fp/hard/rdimon-crt0.o (__libc_init_array)
c:/renesas/ra/e2studio_v2022-04_fsp_v3.8.0/toolchains/gcc_arm/gcc-arm-none-eabi-10.3-2021.10/bin/../lib/gcc/arm-none-eabi/10.3.1/../../../../arm-none-eabi/lib/thumb/v8-m.main+fp/hard\libg_nano.a(lib_a-memcpy-stub.o)
                              ./ra/fsp/src/r_sci_uart/r_sci_uart.o (memcpy)
c:/renesas/ra/e2studio_v2022-04_fsp_v3.8.0/toolchains/gcc_arm/gcc-arm-none-eabi-10.3-2021.10/bin/../lib/gcc/arm-none-eabi/10.3.1/../../../../arm-none-eabi/lib/thumb/v8-m.main+fp/hard\libg_nano.a(lib_a-memset.o)
                              c:/renesas/ra/e2studio_v2022-04_fsp_v3.8.0/toolchains/gcc_arm/gcc-arm-none-eabi-10.3-2021.10/bin/../lib/gcc/arm-none-eabi/10.3.1/../../../../arm-none-eabi/lib/thumb/v8-m.main+fp/hard/rdimon-crt0.o (memset)
c:/renesas/ra/e2studio_v2022-04_fsp_v3.8.0/toolchains/gcc_arm/gcc-arm-none-eabi-10.3-2021.10/bin/../lib/gcc/arm-none-eabi/10.3.1/../../../../arm-none-eabi/lib/thumb/v8-m.main+fp/hard\librdimon_nano.a(rdimon-syscalls.o)
                              c:/renesas/ra/e2studio_v2022-04_fsp_v3.8.0/toolchains/gcc_arm/gcc-arm-none-eabi-10.3-2021.10/bin/../lib/gcc/arm-none-eabi/10.3.1/../../../../arm-none-eabi/lib/thumb/v8-m.main+fp/hard/rdimon-crt0.o (initialise_monitor_handles)
c:/renesas/ra/e2studio_v2022-04_fsp_v3.8.0/toolchains/gcc_arm/gcc-arm-none-eabi-10.3-2021.10/bin/../lib/gcc/arm-none-eabi/10.3.1/../../../../arm-none-eabi/lib/thumb/v8-m.main+fp/hard\librdimon_nano.a(rdimon-_exit.o)
                              c:/renesas/ra/e2studio_v2022-04_fsp_v3.8.0/toolchains/gcc_arm/gcc-arm-none-eabi-10.3-2021.10/bin/../lib/gcc/arm-none-eabi/10.3.1/../../../../arm-none-eabi/lib/thumb/v8-m.main+fp/hard\libg_nano.a(lib_a-exit.o) (_exit)
c:/renesas/ra/e2studio_v2022-04_fsp_v3.8.0/toolchains/gcc_arm/gcc-arm-none-eabi-10.3-2021.10/bin/../lib/gcc/arm-none-eabi/10.3.1/../../../../arm-none-eabi/lib/thumb/v8-m.main+fp/hard\librdimon_nano.a(rdimon-_kill.o)
                              c:/renesas/ra/e2studio_v2022-04_fsp_v3.8.0/toolchains/gcc_arm/gcc-arm-none-eabi-10.3-2021.10/bin/../lib/gcc/arm-none-eabi/10.3.1/../../../../arm-none-eabi/lib/thumb/v8-m.main+fp/hard\librdimon_nano.a(rdimon-_exit.o) (_kill_shared)
[...]
Memory Configuration

Name             Origin             Length             Attributes
FLASH            0x00000000         0x00100000         xr
RAM              0x20000000         0x00040000         xrw
DATA_FLASH       0x08000000         0x00002000         xr
QSPI_FLASH       0x60000000         0x04000000         xr
OSPI_DEVICE_0    0x68000000         0x08000000         xr
OSPI_DEVICE_1    0x70000000         0x10000000         xr
OSPI_DEVICE_0_RAM 0x68000000         0x08000000         xrw
OSPI_DEVICE_1_RAM 0x70000000         0x10000000         xrw
SDRAM            0x90000000         0x00000000         xrw
OPTION_SETTING   0x0100a100         0x00000100         r
OPTION_SETTING_S 0x0100a200         0x00000100         r
ID_CODE          0x00000000         0x00000000         xr
*default*        0x00000000         0xffffffff

Linker script and memory map

LOAD c:/renesas/ra/e2studio_v2022-04_fsp_v3.8.0/toolchains/gcc_arm/gcc-arm-none-eabi-10.3-2021.10/bin/../lib/gcc/arm-none-eabi/10.3.1/thumb/v8-m.main+fp/hard/crti.o
LOAD c:/renesas/ra/e2studio_v2022-04_fsp_v3.8.0/toolchains/gcc_arm/gcc-arm-none-eabi-10.3-2021.10/bin/../lib/gcc/arm-none-eabi/10.3.1/thumb/v8-m.main+fp/hard/crtbegin.o
LOAD c:/renesas/ra/e2studio_v2022-04_fsp_v3.8.0/toolchains/gcc_arm/gcc-arm-none-eabi-10.3-2021.10/bin/../lib/gcc/arm-none-eabi/10.3.1/../../../../arm-none-eabi/lib/thumb/v8-m.main+fp/hard/rdimon-crt0.o
START GROUP
LOAD ./src/hal_entry.o
LOAD ./ra_gen/common_data.o
LOAD ./ra_gen/hal_data.o
LOAD ./ra_gen/main.o
LOAD ./ra_gen/pin_data.o
LOAD ./ra_gen/vector_data.o
LOAD ./ra/fsp/src/r_sci_uart/r_sci_uart.o
LOAD ./ra/fsp/src/r_ioport/r_ioport.o
LOAD ./ra/fsp/src/bsp/mcu/all/bsp_clocks.o
LOAD ./ra/fsp/src/bsp/mcu/all/bsp_common.o
LOAD ./ra/fsp/src/bsp/mcu/all/bsp_delay.o
LOAD ./ra/fsp/src/bsp/mcu/all/bsp_group_irq.o
LOAD ./ra/fsp/src/bsp/mcu/all/bsp_guard.o
LOAD ./ra/fsp/src/bsp/mcu/all/bsp_io.o
LOAD ./ra/fsp/src/bsp/mcu/all/bsp_irq.o
LOAD ./ra/fsp/src/bsp/mcu/all/bsp_register_protection.o
LOAD ./ra/fsp/src/bsp/mcu/all/bsp_rom_registers.o
LOAD ./ra/fsp/src/bsp/mcu/all/bsp_sbrk.o
LOAD ./ra/fsp/src/bsp/mcu/all/bsp_security.o
LOAD ./ra/fsp/src/bsp/cmsis/Device/RENESAS/Source/startup.o
LOAD ./ra/fsp/src/bsp/cmsis/Device/RENESAS/Source/system.o
LOAD ./ra/board/ra6m4_ek/board_init.o
LOAD ./ra/board/ra6m4_ek/board_leds.o
END GROUP
START GROUP
LOAD c:/renesas/ra/e2studio_v2022-04_fsp_v3.8.0/toolchains/gcc_arm/gcc-arm-none-eabi-10.3-2021.10/bin/../lib/gcc/arm-none-eabi/10.3.1/thumb/v8-m.main+fp/hard\libgcc.a
LOAD c:/renesas/ra/e2studio_v2022-04_fsp_v3.8.0/toolchains/gcc_arm/gcc-arm-none-eabi-10.3-2021.10/bin/../lib/gcc/arm-none-eabi/10.3.1/../../../../arm-none-eabi/lib/thumb/v8-m.main+fp/hard\libg_nano.a
LOAD c:/renesas/ra/e2studio_v2022-04_fsp_v3.8.0/toolchains/gcc_arm/gcc-arm-none-eabi-10.3-2021.10/bin/../lib/gcc/arm-none-eabi/10.3.1/../../../../arm-none-eabi/lib/thumb/v8-m.main+fp/hard\libc_nano.a
END GROUP
START GROUP
LOAD c:/renesas/ra/e2studio_v2022-04_fsp_v3.8.0/toolchains/gcc_arm/gcc-arm-none-eabi-10.3-2021.10/bin/../lib/gcc/arm-none-eabi/10.3.1/thumb/v8-m.main+fp/hard\libgcc.a
LOAD c:/renesas/ra/e2studio_v2022-04_fsp_v3.8.0/toolchains/gcc_arm/gcc-arm-none-eabi-10.3-2021.10/bin/../lib/gcc/arm-none-eabi/10.3.1/../../../../arm-none-eabi/lib/thumb/v8-m.main+fp/hard\libc_nano.a
LOAD c:/renesas/ra/e2studio_v2022-04_fsp_v3.8.0/toolchains/gcc_arm/gcc-arm-none-eabi-10.3-2021.10/bin/../lib/gcc/arm-none-eabi/10.3.1/../../../../arm-none-eabi/lib/thumb/v8-m.main+fp/hard\librdimon_nano.a
END GROUP
START GROUP
LOAD c:/renesas/ra/e2studio_v2022-04_fsp_v3.8.0/toolchains/gcc_arm/gcc-arm-none-eabi-10.3-2021.10/bin/../lib/gcc/arm-none-eabi/10.3.1/thumb/v8-m.main+fp/hard\libgcc.a
LOAD c:/renesas/ra/e2studio_v2022-04_fsp_v3.8.0/toolchains/gcc_arm/gcc-arm-none-eabi-10.3-2021.10/bin/../lib/gcc/arm-none-eabi/10.3.1/../../../../arm-none-eabi/lib/thumb/v8-m.main+fp/hard\libc_nano.a
LOAD c:/renesas/ra/e2studio_v2022-04_fsp_v3.8.0/toolchains/gcc_arm/gcc-arm-none-eabi-10.3-2021.10/bin/../lib/gcc/arm-none-eabi/10.3.1/../../../../arm-none-eabi/lib/thumb/v8-m.main+fp/hard\librdimon_nano.a
END GROUP
LOAD c:/renesas/ra/e2studio_v2022-04_fsp_v3.8.0/toolchains/gcc_arm/gcc-arm-none-eabi-10.3-2021.10/bin/../lib/gcc/arm-none-eabi/10.3.1/thumb/v8-m.main+fp/hard/crtend.o
LOAD c:/renesas/ra/e2studio_v2022-04_fsp_v3.8.0/toolchains/gcc_arm/gcc-arm-none-eabi-10.3-2021.10/bin/../lib/gcc/arm-none-eabi/10.3.1/thumb/v8-m.main+fp/hard/crtn.o
                0x20000000                RAM_START = 0x20000000
                0x00040000                RAM_LENGTH = 0x40000
                0x00000000                FLASH_START = 0x0
                0x00100000                FLASH_LENGTH = 0x100000
                0x08000000                DATA_FLASH_START = 0x8000000
                0x00002000                DATA_FLASH_LENGTH = 0x2000
                0x0100a100                OPTION_SETTING_START = 0x100a100
                0x00000100                OPTION_SETTING_LENGTH = 0x100
                0x0100a200                OPTION_SETTING_S_START = 0x100a200
                0x00000100                OPTION_SETTING_S_LENGTH = 0x100
                0x00000000                ID_CODE_START = 0x0
                0x00000000                ID_CODE_LENGTH = 0x0
                0x90000000                SDRAM_START = 0x90000000
                0x00000000                SDRAM_LENGTH = 0x0
                0x60000000                QSPI_FLASH_START = 0x60000000
                0x04000000                QSPI_FLASH_LENGTH = 0x4000000
                0x68000000                OSPI_DEVICE_0_START = 0x68000000
                0x08000000                OSPI_DEVICE_0_LENGTH = 0x8000000
                0x70000000                OSPI_DEVICE_1_START = 0x70000000
                0x10000000                OSPI_DEVICE_1_LENGTH = 0x10000000
                0x04000000                QSPI_FLASH_PRV_LENGTH = DEFINED (QSPI_FLASH_SIZE)?ABSOLUTE (QSPI_FLASH_SIZE):ABSOLUTE (QSPI_FLASH_LENGTH)
                0x08000000                OSPI_DEVICE_0_PRV_LENGTH = DEFINED (OSPI_DEVICE_0_SIZE)?ABSOLUTE (OSPI_DEVICE_0_SIZE):ABSOLUTE (OSPI_DEVICE_0_LENGTH)
                0x10000000                OSPI_DEVICE_1_PRV_LENGTH = DEFINED (OSPI_DEVICE_1_SIZE)?ABSOLUTE (OSPI_DEVICE_1_SIZE):ABSOLUTE (OSPI_DEVICE_1_LENGTH)
                0x00000000                __RESERVE_NS_RAM = ((! (DEFINED (PROJECT_NONSECURE)) && DEFINED (RAM_NS_BUFFER_LENGTH)) && (OPTION_SETTING_S_LENGTH != 0x0))
                0x00000000                RAM_NS_BUFFER_BLOCK_LENGTH = DEFINED (RAM_NS_BUFFER_LENGTH)?ALIGN (RAM_NS_BUFFER_LENGTH, 0x2000):0x0
                0x00000000                RAM_NS_BUFFER_LENGTH = DEFINED (RAM_NS_BUFFER_LENGTH)?RAM_NS_BUFFER_LENGTH:0x0
                0x20040000                RAM_NS_BUFFER_START = ((RAM_START + RAM_LENGTH) - RAM_NS_BUFFER_LENGTH)
                0x20040000                RAM_NS_BUFFER_BLOCK_START = ((RAM_START + RAM_LENGTH) - RAM_NS_BUFFER_BLOCK_LENGTH)
                0x0100a180                OPTION_SETTING_START_NS = 0x100a180
                0x00000001                __bl_FSP_BOOTABLE_IMAGE = 0x1
                0x00000001                __bln_FSP_BOOTABLE_IMAGE = 0x1
                0x00000001                PROJECT_SECURE_OR_FLAT = ((! (DEFINED (PROJECT_NONSECURE)) && OPTION_SETTING_LENGTH) && ! (DEFINED (FSP_BOOTABLE_IMAGE)))
                0x00000000                USE_OPTION_SETTING_NS = (DEFINED (PROJECT_NONSECURE) && ! (DEFINED (FSP_BOOTABLE_IMAGE)))
                0x00000000                __bl_FLASH_IMAGE_START = ! (DEFINED (FLASH_BOOTLOADER_LENGTH))?0x0:(FLASH_APPLICATION_IMAGE_NUMBER == 0x1)?(FLASH_BOOTLOADER_LENGTH + FLASH_BOOTLOADER_HEADER_LENGTH):(((FLASH_BOOTLOADER_LENGTH + FLASH_BOOTLOADER_SCRATCH_LENGTH) + FLASH_APPLICATION_S_LENGTH) + FLASH_BOOTLOADER_HEADER_LENGTH)
                0x00000000                __bl_FLASH_IMAGE_LENGTH = ! (DEFINED (FLASH_BOOTLOADER_LENGTH))?0x0:(FLASH_APPLICATION_S_LENGTH - FLASH_BOOTLOADER_HEADER_LENGTH)
                0x00000000                __bl_FLASH_IMAGE_END = (__bl_FLASH_IMAGE_START + __bl_FLASH_IMAGE_LENGTH)
                0x00000000                __bl_XIP_SECONDARY_FLASH_IMAGE_START = ! (DEFINED (FLASH_BOOTLOADER_LENGTH))?0x0:((FLASH_BOOTLOADER_LENGTH + FLASH_APPLICATION_S_LENGTH) + FLASH_BOOTLOADER_HEADER_LENGTH)
                0x00000000                __bl_XIP_SECONDARY_FLASH_IMAGE_END = (__bl_XIP_SECONDARY_FLASH_IMAGE_START + __bl_FLASH_IMAGE_LENGTH)
                0x00000000                __bl_FLASH_NS_START = ! (DEFINED (FLASH_BOOTLOADER_LENGTH))?0x0:(FLASH_APPLICATION_NS_LENGTH == 0x0)?__bl_FLASH_IMAGE_END:((__bl_FLASH_IMAGE_START - FLASH_BOOTLOADER_HEADER_LENGTH) + FLASH_APPLICATION_S_LENGTH)
                0x00000000                __bl_FLASH_NSC_START = ! (DEFINED (FLASH_BOOTLOADER_LENGTH))?0x0:(FLASH_APPLICATION_NS_LENGTH == 0x0)?__bl_FLASH_IMAGE_END:(__bl_FLASH_NS_START - FLASH_APPLICATION_NSC_LENGTH)
                0x00000000                __bl_RAM_NS_START = ! (DEFINED (FLASH_BOOTLOADER_LENGTH))?0x0:(FLASH_APPLICATION_NS_LENGTH == 0x0)?(RAM_START + RAM_LENGTH):((RAM_START + RAM_LENGTH) - RAM_APPLICATION_NS_LENGTH)
                0x00000000                __bl_RAM_NSC_START = ! (DEFINED (FLASH_BOOTLOADER_LENGTH))?0x0:(FLASH_APPLICATION_NS_LENGTH == 0x0)?(RAM_START + RAM_LENGTH):(__bl_RAM_NS_START - RAM_APPLICATION_NSC_LENGTH)
                0x00000000                __bl_FLASH_NS_IMAGE_START = ! (DEFINED (FLASH_BOOTLOADER_LENGTH))?0x0:(FLASH_APPLICATION_NS_LENGTH == 0x0)?__bl_FLASH_IMAGE_END:(__bl_FLASH_NS_START + FLASH_BOOTLOADER_HEADER_LENGTH_2)
                0x00000000                __bln_FLASH_IMAGE_START = __bl_FLASH_NS_IMAGE_START
                0x00000000                __bln_FLASH_IMAGE_LENGTH = ! (DEFINED (FLASH_BOOTLOADER_LENGTH))?0x0:(FLASH_APPLICATION_NS_LENGTH == 0x0)?__bl_FLASH_IMAGE_END:(FLASH_APPLICATION_NS_LENGTH - FLASH_BOOTLOADER_HEADER_LENGTH_2)
                0x00000000                XIP_SECONDARY_SLOT_IMAGE = DEFINED (XIP_SECONDARY_SLOT_IMAGE)?XIP_SECONDARY_SLOT_IMAGE:0x0
                0x00000000                FLASH_ORIGIN = ! (DEFINED (FLASH_IMAGE_START))?FLASH_START:(XIP_SECONDARY_SLOT_IMAGE == 0x1)?XIP_SECONDARY_FLASH_IMAGE_START:FLASH_IMAGE_START
                0x00100000                LIMITED_FLASH_LENGTH = DEFINED (FLASH_IMAGE_LENGTH)?FLASH_IMAGE_LENGTH:DEFINED (FLASH_BOOTLOADER_LENGTH)?FLASH_BOOTLOADER_LENGTH:FLASH_LENGTH
START GROUP
LOAD c:/renesas/ra/e2studio_v2022-04_fsp_v3.8.0/toolchains/gcc_arm/gcc-arm-none-eabi-10.3-2021.10/bin/../lib/gcc/arm-none-eabi/10.3.1/thumb/v8-m.main+fp/hard\libgcc.a
LOAD c:/renesas/ra/e2studio_v2022-04_fsp_v3.8.0/toolchains/gcc_arm/gcc-arm-none-eabi-10.3-2021.10/bin/../lib/gcc/arm-none-eabi/10.3.1/../../../../arm-none-eabi/lib/thumb/v8-m.main+fp/hard\libc.a
LOAD c:/renesas/ra/e2studio_v2022-04_fsp_v3.8.0/toolchains/gcc_arm/gcc-arm-none-eabi-10.3-2021.10/bin/../lib/gcc/arm-none-eabi/10.3.1/../../../../arm-none-eabi/lib/thumb/v8-m.main+fp/hard\libm.a
LOAD c:/renesas/ra/e2studio_v2022-04_fsp_v3.8.0/toolchains/gcc_arm/gcc-arm-none-eabi-10.3-2021.10/bin/../lib/gcc/arm-none-eabi/10.3.1/../../../../arm-none-eabi/lib/thumb/v8-m.main+fp/hard\libnosys.a
END GROUP

.text           0x00000000     0x14f4
                0x00000000                __tz_FLASH_S = ABSOLUTE (FLASH_START)
                0x00000000                __ROM_Start = .
 *(.fixed_vectors*)
 .fixed_vectors
                0x00000000       0x40 ./ra/fsp/src/bsp/cmsis/Device/RENESAS/Source/startup.o
                0x00000000                __Vectors
 *(.application_vectors*)
 .application_vectors
                0x00000040      0x180 ./ra_gen/vector_data.o
                0x00000040                g_vector_table
                0x000001c0                __Vectors_End = .
                0x000001c0                . = (OPTION_SETTING_LENGTH > 0x0)?.:(__ROM_Start + 0x400)
 *(.rom_registers*)
                0x000001c0                . = (OPTION_SETTING_LENGTH > 0x0)?.:(__ROM_Start + 0x500)
                0x00000200                . = ALIGN (0x80)
 *fill*         0x000001c0       0x40 ff
 *(.mcuboot_sce9_key*)
 *(.text*)
 .text          0x00000200       0x40 c:/renesas/ra/e2studio_v2022-04_fsp_v3.8.0/toolchains/gcc_arm/gcc-arm-none-eabi-10.3-2021.10/bin/../lib/gcc/arm-none-eabi/10.3.1/thumb/v8-m.main+fp/hard/crtbegin.o
 .text.user_uart_callback
                0x00000240       0x14 ./src/hal_entry.o
                0x00000240                user_uart_callback
 .text.hal_entry
                0x00000254       0x98 ./src/hal_entry.o
                0x00000254                hal_entry
 .text.R_BSP_WarmStart
                0x000002ec       0x18 ./src/hal_entry.o
                0x000002ec                R_BSP_WarmStart
 .text.startup.main
                0x00000304        0xc ./ra_gen/main.o
                0x00000304                main
 .text.R_SCI_UART_Write
                0x00000310       0x48 ./ra/fsp/src/r_sci_uart/r_sci_uart.o
                0x00000310                R_SCI_UART_Write
 .text.r_sci_uart_call_callback
                0x00000358       0x44 ./ra/fsp/src/r_sci_uart/r_sci_uart.o
 .text.R_SCI_UART_Open
                0x0000039c      0x33c ./ra/fsp/src/r_sci_uart/r_sci_uart.o
                0x0000039c                R_SCI_UART_Open
 .text.sci_uart_txi_isr
                0x000006d8       0x8c ./ra/fsp/src/r_sci_uart/r_sci_uart.o
                0x000006d8                sci_uart_txi_isr
 .text.sci_uart_rxi_isr
                0x00000764       0x8c ./ra/fsp/src/r_sci_uart/r_sci_uart.o
                0x00000764                sci_uart_rxi_isr
 .text.sci_uart_tei_isr
                0x000007f0       0x40 ./ra/fsp/src/r_sci_uart/r_sci_uart.o
                0x000007f0                sci_uart_tei_isr
 .text.sci_uart_eri_isr
                0x00000830       0x74 ./ra/fsp/src/r_sci_uart/r_sci_uart.o
                0x00000830                sci_uart_eri_isr
 .text.R_IOPORT_Close
                0x000008a4        0xc ./ra/fsp/src/r_ioport/r_ioport.o
                0x000008a4                R_IOPORT_Close
 .text.R_IOPORT_PinRead
                0x000008b0       0x24 ./ra/fsp/src/r_ioport/r_ioport.o
                0x000008b0                R_IOPORT_PinRead
 .text.R_IOPORT_PortRead
                0x000008d4       0x14 ./ra/fsp/src/r_ioport/r_ioport.o
                0x000008d4                R_IOPORT_PortRead
 .text.R_IOPORT_PortWrite
                0x000008e8       0x1c ./ra/fsp/src/r_ioport/r_ioport.o
                0x000008e8                R_IOPORT_PortWrite
 .text.R_IOPORT_PinWrite
                0x00000904       0x20 ./ra/fsp/src/r_ioport/r_ioport.o
                0x00000904                R_IOPORT_PinWrite
 .text.R_IOPORT_PortDirectionSet
                0x00000924       0x2c ./ra/fsp/src/r_ioport/r_ioport.o
                0x00000924                R_IOPORT_PortDirectionSet
 .text.R_IOPORT_PortEventInputRead
                0x00000950       0x18 ./ra/fsp/src/r_ioport/r_ioport.o
                0x00000950                R_IOPORT_PortEventInputRead
 .text.R_IOPORT_PinEventInputRead
                0x00000968       0x38 ./ra/fsp/src/r_ioport/r_ioport.o
                0x00000968                R_IOPORT_PinEventInputRead
 .text.R_IOPORT_PortEventOutputWrite
                0x000009a0       0x1c ./ra/fsp/src/r_ioport/r_ioport.o
                0x000009a0                R_IOPORT_PortEventOutputWrite
 .text.R_IOPORT_EthernetModeCfg
                0x000009bc        0xc ./ra/fsp/src/r_ioport/r_ioport.o
                0x000009bc                R_IOPORT_EthernetModeCfg
 .text.R_IOPORT_PinEventOutputWrite
                0x000009c8       0x4c ./ra/fsp/src/r_ioport/r_ioport.o
                0x000009c8                R_IOPORT_PinEventOutputWrite
 .text.bsp_vbatt_init
                0x00000a14       0xac ./ra/fsp/src/r_ioport/r_ioport.o
 .text.r_ioport_pins_config
                0x00000ac0       0xc0 ./ra/fsp/src/r_ioport/r_ioport.o
 .text.R_IOPORT_Open
                0x00000b80       0x14 ./ra/fsp/src/r_ioport/r_ioport.o
                0x00000b80                R_IOPORT_Open
 .text.R_IOPORT_PinsCfg
                0x00000b94        0xc ./ra/fsp/src/r_ioport/r_ioport.o
                0x00000b94                R_IOPORT_PinsCfg
 .text.R_IOPORT_PinCfg
                0x00000ba0       0xa8 ./ra/fsp/src/r_ioport/r_ioport.o
                0x00000ba0                R_IOPORT_PinCfg
 .text.SystemCoreClockUpdate
                0x00000c48       0x28 ./ra/fsp/src/bsp/mcu/all/bsp_clocks.o
                0x00000c48                SystemCoreClockUpdate
 .text.bsp_clock_init
                0x00000c70      0x110 ./ra/fsp/src/bsp/mcu/all/bsp_clocks.o
                0x00000c70                bsp_clock_init
 .text.bsp_prv_software_delay_loop
                0x00000d80        0xc ./ra/fsp/src/bsp/mcu/all/bsp_delay.o
                0x00000d80                bsp_prv_software_delay_loop
 .text.R_BSP_SoftwareDelay
                0x00000d8c       0x68 ./ra/fsp/src/bsp/mcu/all/bsp_delay.o
                0x00000d8c                R_BSP_SoftwareDelay
 .text.NMI_Handler
                0x00000df4       0x38 ./ra/fsp/src/bsp/mcu/all/bsp_group_irq.o
                0x00000df4                NMI_Handler
 .text.bsp_irq_cfg
                0x00000e2c       0xa0 ./ra/fsp/src/bsp/mcu/all/bsp_irq.o
                0x00000e2c                bsp_irq_cfg
 .text.R_BSP_RegisterProtectEnable
                0x00000ecc       0x60 ./ra/fsp/src/bsp/mcu/all/bsp_register_protection.o
                0x00000ecc                R_BSP_RegisterProtectEnable
 .text.R_BSP_RegisterProtectDisable
                0x00000f2c       0x54 ./ra/fsp/src/bsp/mcu/all/bsp_register_protection.o
                0x00000f2c                R_BSP_RegisterProtectDisable
 .text.Default_Handler
                0x00000f80        0x4 ./ra/fsp/src/bsp/cmsis/Device/RENESAS/Source/startup.o
                0x00000f80                DebugMon_Handler
                0x00000f80                HardFault_Handler
                0x00000f80                SysTick_Handler
                0x00000f80                PendSV_Handler
                0x00000f80                UsageFault_Handler
                0x00000f80                SecureFault_Handler
                0x00000f80                Default_Handler
                0x00000f80                MemManage_Handler
                0x00000f80                SVC_Handler
                0x00000f80                BusFault_Handler
 .text.Reset_Handler
                0x00000f84        0xc ./ra/fsp/src/bsp/cmsis/Device/RENESAS/Source/startup.o
                0x00000f84                Reset_Handler
 .text.SystemInit
                0x00000f90       0xc0 ./ra/fsp/src/bsp/cmsis/Device/RENESAS/Source/system.o
                0x00000f90                SystemInit
 .text.bsp_init
                0x00001050        0x4 ./ra/board/ra6m4_ek/board_init.o
                0x00001050                bsp_init
 .text.memcpy   0x00001054       0x1a c:/renesas/ra/e2studio_v2022-04_fsp_v3.8.0/toolchains/gcc_arm/gcc-arm-none-eabi-10.3-2021.10/bin/../lib/gcc/arm-none-eabi/10.3.1/../../../../arm-none-eabi/lib/thumb/v8-m.main+fp/hard\libg_nano.a(lib_a-memcpy-stub.o)
                0x00001054                memcpy
 .text.memset   0x0000106e       0x10 c:/renesas/ra/e2studio_v2022-04_fsp_v3.8.0/toolchains/gcc_arm/gcc-arm-none-eabi-10.3-2021.10/bin/../lib/gcc/arm-none-eabi/10.3.1/../../../../arm-none-eabi/lib/thumb/v8-m.main+fp/hard\libg_nano.a(lib_a-memset.o)
                0x0000106e                memset
 *(.version)
 *fill*         0x0000107e        0x2 ff
 .version       0x00001080       0x50 ./ra/fsp/src/bsp/mcu/all/bsp_common.o
 *(.init)
 .init          0x000010d0        0x4 c:/renesas/ra/e2studio_v2022-04_fsp_v3.8.0/toolchains/gcc_arm/gcc-arm-none-eabi-10.3-2021.10/bin/../lib/gcc/arm-none-eabi/10.3.1/thumb/v8-m.main+fp/hard/crti.o
                0x000010d0                _init
 .init          0x000010d4        0x8 c:/renesas/ra/e2studio_v2022-04_fsp_v3.8.0/toolchains/gcc_arm/gcc-arm-none-eabi-10.3-2021.10/bin/../lib/gcc/arm-none-eabi/10.3.1/thumb/v8-m.main+fp/hard/crtn.o
 *(.fini)
 .fini          0x000010dc        0x4 c:/renesas/ra/e2studio_v2022-04_fsp_v3.8.0/toolchains/gcc_arm/gcc-arm-none-eabi-10.3-2021.10/bin/../lib/gcc/arm-none-eabi/10.3.1/thumb/v8-m.main+fp/hard/crti.o
                0x000010dc                _fini
 .fini          0x000010e0        0x8 c:/renesas/ra/e2studio_v2022-04_fsp_v3.8.0/toolchains/gcc_arm/gcc-arm-none-eabi-10.3-2021.10/bin/../lib/gcc/arm-none-eabi/10.3.1/thumb/v8-m.main+fp/hard/crtn.o
 *crtbegin.o(.ctors)
 *crtbegin?.o(.ctors)
 *(EXCLUDE_FILE(*crtend.o *crtend?.o) .ctors)
 *(SORT_BY_NAME(.ctors.*))
 *(.ctors)
 *crtbegin.o(.dtors)
 *crtbegin?.o(.dtors)
 *(EXCLUDE_FILE(*crtend.o *crtend?.o) .dtors)
 *(SORT_BY_NAME(.dtors.*))
 *(.dtors)
 *(.rodata*)
 .rodata        0x000010e8       0x18 ./src/hal_entry.o
 .rodata.g_ioport
                0x00001100        0xc ./ra_gen/common_data.o
                0x00001100                g_ioport
 .rodata.g_uart4_cfg
                0x0000110c       0x20 ./ra_gen/hal_data.o
                0x0000110c                g_uart4_cfg
 .rodata.g_uart4_cfg_extend
                0x0000112c       0x14 ./ra_gen/hal_data.o
                0x0000112c                g_uart4_cfg_extend
 .rodata.g_bsp_pin_cfg
                0x00001140        0x8 ./ra_gen/pin_data.o
                0x00001140                g_bsp_pin_cfg
 .rodata.g_bsp_pin_cfg_data
                0x00001148      0x2a8 ./ra_gen/pin_data.o
                0x00001148                g_bsp_pin_cfg_data
 .rodata.g_interrupt_event_link_select
                0x000013f0       0xc0 ./ra_gen/vector_data.o
                0x000013f0                g_interrupt_event_link_select
 .rodata.g_ioport_on_ioport
                0x000014b0       0x38 ./ra/fsp/src/r_ioport/r_ioport.o
                0x000014b0                g_ioport_on_ioport
 .rodata.g_prcr_masks
                0x000014e8        0x8 ./ra/fsp/src/bsp/mcu/all/bsp_register_protection.o
                0x000014f0                __usb_dev_descriptor_start_fs = .
 *(.usb_device_desc_fs*)
                0x000014f0                __usb_cfg_descriptor_start_fs = .
 *(.usb_config_desc_fs*)
                0x000014f0                __usb_interface_descriptor_start_fs = .
 *(.usb_interface_desc_fs*)
                0x000014f0                __usb_descriptor_end_fs = .
                0x000014f0                __usb_dev_descriptor_start_hs = .
 *(.usb_device_desc_hs*)
                0x000014f0                __usb_cfg_descriptor_start_hs = .
 *(.usb_config_desc_hs*)
                0x000014f0                __usb_interface_descriptor_start_hs = .
 *(.usb_interface_desc_hs*)
                0x000014f0                __usb_descriptor_end_hs = .
 *(.eh_frame*)
 .eh_frame      0x000014f0        0x0 c:/renesas/ra/e2studio_v2022-04_fsp_v3.8.0/toolchains/gcc_arm/gcc-arm-none-eabi-10.3-2021.10/bin/../lib/gcc/arm-none-eabi/10.3.1/thumb/v8-m.main+fp/hard/crtbegin.o
 .eh_frame      0x000014f0        0x4 c:/renesas/ra/e2studio_v2022-04_fsp_v3.8.0/toolchains/gcc_arm/gcc-arm-none-eabi-10.3-2021.10/bin/../lib/gcc/arm-none-eabi/10.3.1/thumb/v8-m.main+fp/hard/crtend.o
                0x000014f4                __ROM_End = .
                0x000001c0                __Vectors_Size = (__Vectors_End - __Vectors)

.glue_7         0x000014f4        0x0
 .glue_7        0x000014f4        0x0 linker stubs

.glue_7t        0x000014f4        0x0
 .glue_7t       0x000014f4        0x0 linker stubs

.vfp11_veneer   0x000014f4        0x0
 .vfp11_veneer  0x000014f4        0x0 linker stubs

.v4_bx          0x000014f4        0x0
 .v4_bx         0x000014f4        0x0 linker stubs

.iplt           0x000014f4        0x0
 .iplt          0x000014f4        0x0 c:/renesas/ra/e2studio_v2022-04_fsp_v3.8.0/toolchains/gcc_arm/gcc-arm-none-eabi-10.3-2021.10/bin/../lib/gcc/arm-none-eabi/10.3.1/thumb/v8-m.main+fp/hard/crtbegin.o

.ARM.extab
 *(.ARM.extab* .gnu.linkonce.armextab.*)
                0x000014f4                __exidx_start = .

.ARM.exidx
 *(.ARM.exidx* .gnu.linkonce.armexidx.*)
                0x000014f4                __exidx_end = .
                0x000014f4                __etext = .
                0x20000000                __tz_RAM_S = ORIGIN (RAM)

.fsp_dtc_vector_table
                0x20000000        0x0
                0x20000000                . = ORIGIN (RAM)
 *(.fsp_dtc_vector_table)

.data           0x20000000        0xc load address 0x000014f4
                0x20000000                __data_start__ = .
                0x20000000                . = ALIGN (0x4)
                0x20000000                __Code_In_RAM_Start = .
 *(.code_in_ram*)
                0x20000000                __Code_In_RAM_End = .
 *(vtable)
 *(.data.*)
 .data.g_uart4_baud_setting
                0x20000000        0x4 ./ra_gen/hal_data.o
                0x20000000                g_uart4_baud_setting
 *(.data)
                0x20000004                . = ALIGN (0x4)
                0x20000004                PROVIDE (__preinit_array_start = .)
 *(.preinit_array)
                0x20000004                PROVIDE (__preinit_array_end = .)
                0x20000004                . = ALIGN (0x4)
                0x20000004                PROVIDE (__init_array_start = .)
 *(SORT_BY_NAME(.init_array.*))
 *(.init_array)
 .init_array    0x20000004        0x4 c:/renesas/ra/e2studio_v2022-04_fsp_v3.8.0/toolchains/gcc_arm/gcc-arm-none-eabi-10.3-2021.10/bin/../lib/gcc/arm-none-eabi/10.3.1/thumb/v8-m.main+fp/hard/crtbegin.o
                0x20000008                PROVIDE (__init_array_end = .)
                0x20000008                . = ALIGN (0x4)
                [!provide]                PROVIDE (__fini_array_start = .)
 *(SORT_BY_NAME(.fini_array.*))
 *(.fini_array)
 .fini_array    0x20000008        0x4 c:/renesas/ra/e2studio_v2022-04_fsp_v3.8.0/toolchains/gcc_arm/gcc-arm-none-eabi-10.3-2021.10/bin/../lib/gcc/arm-none-eabi/10.3.1/thumb/v8-m.main+fp/hard/crtbegin.o
                [!provide]                PROVIDE (__fini_array_end = .)
 *(.jcr*)
                0x2000000c                . = ALIGN (0x4)
                0x2000000c                __data_end__ = .
                0x00001500                DATA_END = (LOADADDR (.data) + SIZEOF (.data))
                0x00001800                SGSTUBS_LOC = (DEFINED (PROJECT_SECURE) && DEFINED (FLASH_NSC_START))?ABSOLUTE (FLASH_NSC_START):ALIGN (DATA_END, 0x400)

.igot.plt       0x2000000c        0x0 load address 0x00001500
 .igot.plt      0x2000000c        0x0 c:/renesas/ra/e2studio_v2022-04_fsp_v3.8.0/toolchains/gcc_arm/gcc-arm-none-eabi-10.3-2021.10/bin/../lib/gcc/arm-none-eabi/10.3.1/thumb/v8-m.main+fp/hard/crtbegin.o

.gnu.sgstubs    0x00001800        0x0
                0x00001800                __tz_FLASH_C = DEFINED (FLASH_NSC_START)?ABSOLUTE (FLASH_NSC_START):__RESERVE_NS_RAM?ABSOLUTE ((FLASH_START + FLASH_LENGTH)):ALIGN (0x400)
                0x00001800                _start_sg = .
 *(.gnu.sgstubs*)
                0x00001800                . = ALIGN (0x20)
                0x00001800                _end_sg = .
                0x00008000                __tz_FLASH_N = DEFINED (FLASH_NS_START)?ABSOLUTE (FLASH_NS_START):__RESERVE_NS_RAM?ABSOLUTE ((FLASH_START + FLASH_LENGTH)):(FLASH_LENGTH < 0x8000)?FLASH_LENGTH:ALIGN (0x8000)
                0x00008000                FLASH_NS_IMAGE_START = DEFINED (FLASH_NS_IMAGE_START)?FLASH_NS_IMAGE_START:__tz_FLASH_N
                0x60000000                __tz_QSPI_FLASH_S = ORIGIN (QSPI_FLASH)

.qspi_flash     0x60000000        0x0
                0x60000000                __qspi_flash_start__ = .
 *(.qspi_flash*)
 *(.code_in_qspi*)
                0x60000000                __qspi_flash_end__ = .
                0x00000000                __qspi_flash_code_size__ = (__qspi_flash_end__ - __qspi_flash_start__)
                0x00001500                __qspi_flash_code_addr__ = (__etext + (__data_end__ - __data_start__))

.qspi_non_retentive
                0x60000000        0x0 load address 0x00001500
                0x60000000                __qspi_non_retentive_start__ = .
 *(.qspi_non_retentive*)
                0x60000000                __qspi_non_retentive_end__ = .
                0x00000000                __qspi_non_retentive_size__ = (__qspi_non_retentive_end__ - __qspi_non_retentive_start__)
                0x04000000                __qspi_region_max_size__ = 0x4000000
                0x60000000                __qspi_region_start_address__ = __qspi_flash_start__
                0x64000000                __qspi_region_end_address__ = (__qspi_flash_start__ + __qspi_region_max_size__)
                0x60000000                __tz_QSPI_FLASH_N = __qspi_non_retentive_end__

.OSPI_DEVICE_0_NO_LOAD
                0x68000000        0x0
                0x68000000                . = ALIGN (0x4)
                0x68000000                __ospi_device_0_start__ = .
 *(.ospi_device_0_no_load*)
                0x68000000                . = ALIGN (0x4)
                0x68000000                __ospi_device_0_end__ = .

.OSPI_DEVICE_1_NO_LOAD
                0x70000000        0x0
                0x70000000                . = ALIGN (0x4)
                0x70000000                __ospi_device_1_start__ = .
 *(.ospi_device_1_no_load*)
                0x70000000                . = ALIGN (0x4)
                0x70000000                __ospi_device_1_end__ = .
                0x68000000                __tz_OSPI_DEVICE_0_S = ORIGIN (OSPI_DEVICE_0)

.OSPI_DEVICE_0  0x68000000        0x0
                0x68000000                __ospi_device_0_start__ = .
 *(.ospi_device_0*)
 *(.code_in_ospi_device_0*)
                0x68000000                __ospi_device_0_end__ = .
                0x00000000                __ospi_device_0_code_size__ = (__ospi_device_0_end__ - __ospi_device_0_start__)
                0x00001500                __ospi_device_0_code_addr__ = (__etext + (__data_end__ - __data_start__))

.ospi_device_0_non_retentive
                0x68000000        0x0 load address 0x00001500
                0x68000000                __ospi_device_0_non_retentive_start__ = .
 *(.ospi_device_0_non_retentive*)
                0x68000000                __ospi_device_0_non_retentive_end__ = .
                0x00000000                __ospi_device_0_non_retentive_size__ = (__ospi_device_0_non_retentive_end__ - __ospi_device_0_non_retentive_start__)
                0x08000000                __ospi_device_0_region_max_size__ = 0x8000000
                0x68000000                __ospi_device_0_region_start_address__ = __ospi_device_0_start__
                0x70000000                __ospi_device_0_region_end_address__ = (__ospi_device_0_start__ + __ospi_device_0_region_max_size__)
                0x68000000                __tz_OSPI_DEVICE_0_N = __ospi_device_0_non_retentive_end__
                0x70000000                __tz_OSPI_DEVICE_1_S = ORIGIN (OSPI_DEVICE_1)

.OSPI_DEVICE_1  0x70000000        0x0
                0x70000000                __ospi_device_1_start__ = .
 *(.ospi_device_1*)
 *(.code_in_ospi_device_1*)
                0x70000000                __ospi_device_1_end__ = .
                0x00000000                __ospi_device_1_code_size__ = (__ospi_device_1_end__ - __ospi_device_1_start__)
                0x00001500                __ospi_device_1_code_addr__ = (__etext + (__data_end__ - __data_start__))

.ospi_device_1_non_retentive
                0x70000000        0x0 load address 0x00001500
                0x70000000                __ospi_device_1_non_retentive_start__ = .
 *(.ospi_device_1_non_retentive*)
                0x70000000                __ospi_device_1_non_retentive_end__ = .
                0x00000000                __ospi_device_1_non_retentive_size__ = (__ospi_device_1_non_retentive_end__ - __ospi_device_1_non_retentive_start__)
                0x10000000                __ospi_device_1_region_max_size__ = 0x10000000
                0x70000000                __ospi_device_1_region_start_address__ = __ospi_device_1_start__
                0x80000000                __ospi_device_1_region_end_address__ = (__ospi_device_1_start__ + __ospi_device_1_region_max_size__)
                0x70000000                __tz_OSPI_DEVICE_1_N = __ospi_device_1_non_retentive_end__

.noinit         0x2000000c       0x1c
                0x2000000c                . = ALIGN (0x4)
                0x2000000c                __noinit_start = .
 *(.noinit*)
 .noinit        0x2000000c       0x1c ./ra/fsp/src/bsp/mcu/all/bsp_clocks.o
                0x20000028                . = ALIGN (0x8)
 *(.heap.*)
                0x20000028                __noinit_end = .

.bss            0x20000028      0x228
                0x20000028                . = ALIGN (0x4)
                0x20000028                __bss_start__ = .
 *(.bss*)
 .bss           0x20000028       0x1c c:/renesas/ra/e2studio_v2022-04_fsp_v3.8.0/toolchains/gcc_arm/gcc-arm-none-eabi-10.3-2021.10/bin/../lib/gcc/arm-none-eabi/10.3.1/thumb/v8-m.main+fp/hard/crtbegin.o
 .bss.uart_tx_complete
                0x20000044        0x1 ./src/hal_entry.o
                0x20000044                uart_tx_complete
 *fill*         0x20000045        0x3 
 .bss.g_ioport_ctrl
                0x20000048        0x8 ./ra_gen/common_data.o
                0x20000048                g_ioport_ctrl
 .bss.g_uart4_ctrl
                0x20000050       0x30 ./ra_gen/hal_data.o
                0x20000050                g_uart4_ctrl
 .bss.g_bsp_group_irq_sources
                0x20000080       0x40 ./ra/fsp/src/bsp/mcu/all/bsp_group_irq.o
                0x20000080                g_bsp_group_irq_sources
 .bss.g_protect_pfswe_counter
                0x200000c0        0x4 ./ra/fsp/src/bsp/mcu/all/bsp_io.o
                0x200000c0                g_protect_pfswe_counter
 .bss.gp_renesas_isr_context
                0x200000c4      0x180 ./ra/fsp/src/bsp/mcu/all/bsp_irq.o
                0x200000c4                gp_renesas_isr_context
 .bss.g_protect_counters
                0x20000244        0x8 ./ra/fsp/src/bsp/mcu/all/bsp_register_protection.o
                0x20000244                g_protect_counters
 .bss.SystemCoreClock
                0x2000024c        0x4 ./ra/fsp/src/bsp/cmsis/Device/RENESAS/Source/system.o
                0x2000024c                SystemCoreClock
 *(COMMON)
                0x20000250                . = ALIGN (0x4)
                0x20000250                __bss_end__ = .

.heap           0x20000250        0x0
                0x20000250                . = ALIGN (0x8)
                0x20000250                __HeapBase = .
 *(.heap)
                0x20000250                __HeapLimit = .

.stack_dummy    0x20000250      0x400
                0x20000250                . = ALIGN (0x8)
                0x20000250                __StackLimit = .
 *(.stack)
 .stack         0x20000250      0x400 ./ra/fsp/src/bsp/cmsis/Device/RENESAS/Source/startup.o
                0x20000650                __StackTop = .
 *(.stack*)
                0x20000650                __StackTopAll = .
                0x20000650                PROVIDE (__stack = __StackTopAll)
                0x20000650                __RAM_segment_used_end__ = ALIGN (__StackTopAll, 0x4)
                0x20000800                __tz_RAM_C = DEFINED (RAM_NSC_START)?ABSOLUTE (RAM_NSC_START):__RESERVE_NS_RAM?ABSOLUTE (RAM_NS_BUFFER_BLOCK_START):ALIGN (__RAM_segment_used_end__, 0x400)
                0x20002000                __tz_RAM_N = DEFINED (RAM_NS_START)?ABSOLUTE (RAM_NS_START):__RESERVE_NS_RAM?ABSOLUTE (RAM_NS_BUFFER_BLOCK_START):ALIGN (__tz_RAM_C, 0x2000)

.ns_buffer      0x20000650        0x0
                0x20000650                . = __RESERVE_NS_RAM?ABSOLUTE ((RAM_NS_BUFFER_START & 0xffffffe0)):.
 *(.ns_buffer*)

.data_flash     0x08000000        0x0
                0x08000000                . = ORIGIN (DATA_FLASH)
                0x08000000                __tz_DATA_FLASH_S = .
                0x08000000                __Data_Flash_Start = .
 *(.data_flash*)
                0x08000000                __Data_Flash_End = .
                0x08000000                __tz_DATA_FLASH_N = DEFINED (DATA_FLASH_NS_START)?ABSOLUTE (DATA_FLASH_NS_START):__RESERVE_NS_RAM?ABSOLUTE ((DATA_FLASH_START + DATA_FLASH_LENGTH)):ALIGN (0x400)
                0x90000000                __tz_SDRAM_S = ORIGIN (SDRAM)

.sdram          0x90000000        0x0
                0x90000000                __SDRAM_Start = .
 *(.sdram*)
 *(.frame*)
                0x90000000                __SDRAM_End = .
                0x90000000                __tz_SDRAM_N = __SDRAM_End
                0x00000000                __tz_ID_CODE_S = ORIGIN (ID_CODE)

.id_code        0x00000000        0x0
                0x00000000                __ID_Code_Start = .
 *(.id_code*)
                0x00000000                __ID_Code_End = .
                0x00000000                __tz_ID_CODE_N = __ID_Code_End
                0x0100a100                __tz_OPTION_SETTING_S = ORIGIN (OPTION_SETTING)

.option_setting
                0x0100a100       0x38
                0x0100a100                __OPTION_SETTING_Start = .
 *(.option_setting_ofs0)
 .option_setting_ofs0
                0x0100a100        0x4 ./ra/fsp/src/bsp/mcu/all/bsp_rom_registers.o
                0x0100a110                . = PROJECT_SECURE_OR_FLAT?(__OPTION_SETTING_Start + 0x10):__OPTION_SETTING_Start
 *fill*         0x0100a104        0xc ff
 *(.option_setting_dualsel)
 .option_setting_dualsel
                0x0100a110        0x4 ./ra/fsp/src/bsp/mcu/all/bsp_rom_registers.o
                0x0100a134                . = PROJECT_SECURE_OR_FLAT?(__OPTION_SETTING_Start + 0x34):__OPTION_SETTING_Start
 *fill*         0x0100a114       0x20 ff
 *(.option_setting_sas)
 .option_setting_sas
                0x0100a134        0x4 ./ra/fsp/src/bsp/mcu/all/bsp_rom_registers.o
                0x0100a138                __OPTION_SETTING_End = .
                0x0100a180                __tz_OPTION_SETTING_N = OPTION_SETTING_START_NS

.option_setting_ns
                0x0100a138        0x0
                0x0100a138                __OPTION_SETTING_NS_Start = .
 *(.option_setting_ofs1)
                0x0100a138                . = USE_OPTION_SETTING_NS?(__OPTION_SETTING_NS_Start + 0x10):__OPTION_SETTING_NS_Start
 *(.option_setting_banksel)
                0x0100a138                . = USE_OPTION_SETTING_NS?(__OPTION_SETTING_NS_Start + 0x40):__OPTION_SETTING_NS_Start
 *(.option_setting_bps0)
                0x0100a138                . = USE_OPTION_SETTING_NS?(__OPTION_SETTING_NS_Start + 0x44):__OPTION_SETTING_NS_Start
 *(.option_setting_bps1)
                0x0100a138                . = USE_OPTION_SETTING_NS?(__OPTION_SETTING_NS_Start + 0x48):__OPTION_SETTING_NS_Start
 *(.option_setting_bps2)
                0x0100a138                . = USE_OPTION_SETTING_NS?(__OPTION_SETTING_NS_Start + 0x60):__OPTION_SETTING_NS_Start
 *(.option_setting_pbps0)
                0x0100a138                . = USE_OPTION_SETTING_NS?(__OPTION_SETTING_NS_Start + 0x64):__OPTION_SETTING_NS_Start
 *(.option_setting_pbps1)
                0x0100a138                . = USE_OPTION_SETTING_NS?(__OPTION_SETTING_NS_Start + 0x68):__OPTION_SETTING_NS_Start
 *(.option_setting_pbps2)
                0x0100a138                __OPTION_SETTING_NS_End = .
                0x0100a200                __tz_OPTION_SETTING_S_S = ORIGIN (OPTION_SETTING_S)

.option_setting_s
                0x0100a200       0xcc
                0x0100a200                __OPTION_SETTING_S_Start = .
 *(.option_setting_ofs1_sec)
 .option_setting_ofs1_sec
                0x0100a200        0x4 ./ra/fsp/src/bsp/mcu/all/bsp_rom_registers.o
                0x0100a210                . = PROJECT_SECURE_OR_FLAT?(__OPTION_SETTING_S_Start + 0x10):__OPTION_SETTING_S_Start
 *fill*         0x0100a204        0xc ff
 *(.option_setting_banksel_sec)
 .option_setting_banksel_sec
                0x0100a210        0x4 ./ra/fsp/src/bsp/mcu/all/bsp_rom_registers.o
                0x0100a240                . = PROJECT_SECURE_OR_FLAT?(__OPTION_SETTING_S_Start + 0x40):__OPTION_SETTING_S_Start
 *fill*         0x0100a214       0x2c ff
 *(.option_setting_bps_sec0)
 .option_setting_bps_sec0
                0x0100a240        0x4 ./ra/fsp/src/bsp/mcu/all/bsp_rom_registers.o
                0x0100a244                . = PROJECT_SECURE_OR_FLAT?(__OPTION_SETTING_S_Start + 0x44):__OPTION_SETTING_S_Start
 *(.option_setting_bps_sec1)
 .option_setting_bps_sec1
                0x0100a244        0x4 ./ra/fsp/src/bsp/mcu/all/bsp_rom_registers.o
                0x0100a248                . = PROJECT_SECURE_OR_FLAT?(__OPTION_SETTING_S_Start + 0x48):__OPTION_SETTING_S_Start
 *(.option_setting_bps_sec2)
 .option_setting_bps_sec2
                0x0100a248        0x4 ./ra/fsp/src/bsp/mcu/all/bsp_rom_registers.o
                0x0100a260                . = PROJECT_SECURE_OR_FLAT?(__OPTION_SETTING_S_Start + 0x60):__OPTION_SETTING_S_Start
 *fill*         0x0100a24c       0x14 ff
 *(.option_setting_pbps_sec0)
 .option_setting_pbps_sec0
                0x0100a260        0x4 ./ra/fsp/src/bsp/mcu/all/bsp_rom_registers.o
                0x0100a264                . = PROJECT_SECURE_OR_FLAT?(__OPTION_SETTING_S_Start + 0x64):__OPTION_SETTING_S_Start
 *(.option_setting_pbps_sec1)
 .option_setting_pbps_sec1
                0x0100a264        0x4 ./ra/fsp/src/bsp/mcu/all/bsp_rom_registers.o
                0x0100a268                . = PROJECT_SECURE_OR_FLAT?(__OPTION_SETTING_S_Start + 0x68):__OPTION_SETTING_S_Start
 *(.option_setting_pbps_sec2)
 .option_setting_pbps_sec2
                0x0100a268        0x4 ./ra/fsp/src/bsp/mcu/all/bsp_rom_registers.o
                0x0100a280                . = PROJECT_SECURE_OR_FLAT?(__OPTION_SETTING_S_Start + 0x80):__OPTION_SETTING_S_Start
 *fill*         0x0100a26c       0x14 ff
 *(.option_setting_ofs1_sel)
 .option_setting_ofs1_sel
                0x0100a280        0x4 ./ra/fsp/src/bsp/mcu/all/bsp_rom_registers.o
                0x0100a290                . = PROJECT_SECURE_OR_FLAT?(__OPTION_SETTING_S_Start + 0x90):__OPTION_SETTING_S_Start
 *fill*         0x0100a284        0xc ff
 *(.option_setting_banksel_sel)
 .option_setting_banksel_sel
                0x0100a290        0x4 ./ra/fsp/src/bsp/mcu/all/bsp_rom_registers.o
                0x0100a2c0                . = PROJECT_SECURE_OR_FLAT?(__OPTION_SETTING_S_Start + 0xc0):__OPTION_SETTING_S_Start
 *fill*         0x0100a294       0x2c ff
 *(.option_setting_bps_sel0)
 .option_setting_bps_sel0
                0x0100a2c0        0x4 ./ra/fsp/src/bsp/mcu/all/bsp_rom_registers.o
                0x0100a2c4                . = PROJECT_SECURE_OR_FLAT?(__OPTION_SETTING_S_Start + 0xc4):__OPTION_SETTING_S_Start
 *(.option_setting_bps_sel1)
 .option_setting_bps_sel1
                0x0100a2c4        0x4 ./ra/fsp/src/bsp/mcu/all/bsp_rom_registers.o
                0x0100a2c8                . = PROJECT_SECURE_OR_FLAT?(__OPTION_SETTING_S_Start + 0xc8):__OPTION_SETTING_S_Start
 *(.option_setting_bps_sel2)
 .option_setting_bps_sel2
                0x0100a2c8        0x4 ./ra/fsp/src/bsp/mcu/all/bsp_rom_registers.o
                0x0100a2cc                __OPTION_SETTING_S_End = .
                0x0100a2cc                __tz_OPTION_SETTING_S_N = __OPTION_SETTING_S_End
OUTPUT(inverter_display.elf elf32-littlearm)
LOAD linker stubs

.rel.dyn        0x0100a2cc        0x0
 .rel.iplt      0x0100a2cc        0x0 c:/renesas/ra/e2studio_v2022-04_fsp_v3.8.0/toolchains/gcc_arm/gcc-arm-none-eabi-10.3-2021.10/bin/../lib/gcc/arm-none-eabi/10.3.1/thumb/v8-m.main+fp/hard/crtbegin.o

.ARM.attributes
                0x00000000       0x36
 .ARM.attributes
                0x00000000       0x22 c:/renesas/ra/e2studio_v2022-04_fsp_v3.8.0/toolchains/gcc_arm/gcc-arm-none-eabi-10.3-2021.10/bin/../lib/gcc/arm-none-eabi/10.3.1/thumb/v8-m.main+fp/hard/crti.o
 .ARM.attributes
                0x00000022       0x38 c:/renesas/ra/e2studio_v2022-04_fsp_v3.8.0/toolchains/gcc_arm/gcc-arm-none-eabi-10.3-2021.10/bin/../lib/gcc/arm-none-eabi/10.3.1/thumb/v8-m.main+fp/hard/crtbegin.o
 .ARM.attributes
                0x0000005a       0x3a ./src/hal_entry.o
 .ARM.attributes
                0x00000094       0x3a ./ra_gen/common_data.o
 .ARM.attributes
                0x000000ce       0x3a ./ra_gen/hal_data.o
 .ARM.attributes
                0x00000108       0x3a ./ra_gen/main.o
 .ARM.attributes
                0x00000142       0x3a ./ra_gen/pin_data.o
 .ARM.attributes
                0x0000017c       0x3a ./ra_gen/vector_data.o
 .ARM.attributes
                0x000001b6       0x3a ./ra/fsp/src/r_sci_uart/r_sci_uart.o
 .ARM.attributes
                0x000001f0       0x3a ./ra/fsp/src/r_ioport/r_ioport.o
 .ARM.attributes
                0x0000022a       0x3a ./ra/fsp/src/bsp/mcu/all/bsp_clocks.o
 .ARM.attributes
                0x00000264       0x3a ./ra/fsp/src/bsp/mcu/all/bsp_common.o
 .ARM.attributes
                0x0000029e       0x3a ./ra/fsp/src/bsp/mcu/all/bsp_delay.o
 .ARM.attributes
                0x000002d8       0x3a ./ra/fsp/src/bsp/mcu/all/bsp_group_irq.o
 .ARM.attributes
                0x00000312       0x3a ./ra/fsp/src/bsp/mcu/all/bsp_io.o
 .ARM.attributes
                0x0000034c       0x3a ./ra/fsp/src/bsp/mcu/all/bsp_irq.o
 .ARM.attributes
                0x00000386       0x3a ./ra/fsp/src/bsp/mcu/all/bsp_register_protection.o
 .ARM.attributes
                0x000003c0       0x3a ./ra/fsp/src/bsp/mcu/all/bsp_rom_registers.o
 .ARM.attributes
                0x000003fa       0x3a ./ra/fsp/src/bsp/cmsis/Device/RENESAS/Source/startup.o
 .ARM.attributes
                0x00000434       0x3a ./ra/fsp/src/bsp/cmsis/Device/RENESAS/Source/system.o
 .ARM.attributes
                0x0000046e       0x3a ./ra/board/ra6m4_ek/board_init.o
 .ARM.attributes
                0x000004a8       0x38 c:/renesas/ra/e2studio_v2022-04_fsp_v3.8.0/toolchains/gcc_arm/gcc-arm-none-eabi-10.3-2021.10/bin/../lib/gcc/arm-none-eabi/10.3.1/../../../../arm-none-eabi/lib/thumb/v8-m.main+fp/hard\libg_nano.a(lib_a-memcpy-stub.o)
 .ARM.attributes
                0x000004e0       0x38 c:/renesas/ra/e2studio_v2022-04_fsp_v3.8.0/toolchains/gcc_arm/gcc-arm-none-eabi-10.3-2021.10/bin/../lib/gcc/arm-none-eabi/10.3.1/../../../../arm-none-eabi/lib/thumb/v8-m.main+fp/hard\libg_nano.a(lib_a-memset.o)
 .ARM.attributes
                0x00000518       0x38 c:/renesas/ra/e2studio_v2022-04_fsp_v3.8.0/toolchains/gcc_arm/gcc-arm-none-eabi-10.3-2021.10/bin/../lib/gcc/arm-none-eabi/10.3.1/thumb/v8-m.main+fp/hard/crtend.o
 .ARM.attributes
                0x00000550       0x22 c:/renesas/ra/e2studio_v2022-04_fsp_v3.8.0/toolchains/gcc_arm/gcc-arm-none-eabi-10.3-2021.10/bin/../lib/gcc/arm-none-eabi/10.3.1/thumb/v8-m.main+fp/hard/crtn.o

.comment        0x00000000       0x49
 .comment       0x00000000       0x49 ./src/hal_entry.o
                                 0x4a (size before relaxing)
 .comment       0x00000049       0x4a ./ra_gen/common_data.o
 .comment       0x00000049       0x4a ./ra_gen/hal_data.o
 .comment       0x00000049       0x4a ./ra_gen/main.o
 .comment       0x00000049       0x4a ./ra_gen/pin_data.o
 .comment       0x00000049       0x4a ./ra_gen/vector_data.o
 .comment       0x00000049       0x4a ./ra/fsp/src/r_sci_uart/r_sci_uart.o
 .comment       0x00000049       0x4a ./ra/fsp/src/r_ioport/r_ioport.o
 .comment       0x00000049       0x4a ./ra/fsp/src/bsp/mcu/all/bsp_clocks.o
 .comment       0x00000049       0x4a ./ra/fsp/src/bsp/mcu/all/bsp_common.o
 .comment       0x00000049       0x4a ./ra/fsp/src/bsp/mcu/all/bsp_delay.o
 .comment       0x00000049       0x4a ./ra/fsp/src/bsp/mcu/all/bsp_group_irq.o
 .comment       0x00000049       0x4a ./ra/fsp/src/bsp/mcu/all/bsp_io.o
 .comment       0x00000049       0x4a ./ra/fsp/src/bsp/mcu/all/bsp_irq.o
 .comment       0x00000049       0x4a ./ra/fsp/src/bsp/mcu/all/bsp_register_protection.o
 .comment       0x00000049       0x4a ./ra/fsp/src/bsp/mcu/all/bsp_rom_registers.o
 .comment       0x00000049       0x4a ./ra/fsp/src/bsp/cmsis/Device/RENESAS/Source/startup.o
 .comment       0x00000049       0x4a ./ra/fsp/src/bsp/cmsis/Device/RENESAS/Source/system.o
 .comment       0x00000049       0x4a ./ra/board/ra6m4_ek/board_init.o

.debug_info     0x00000000    0x25990
 .debug_info    0x00000000     0x3474 ./src/hal_entry.o
 .debug_info    0x00003474     0x1244 ./ra_gen/common_data.o
 .debug_info    0x000046b8     0x349e ./ra_gen/hal_data.o
 .debug_info    0x00007b56       0xaa ./ra_gen/main.o
 .debug_info    0x00007c00      0x9e1 ./ra_gen/pin_data.o
 .debug_info    0x000085e1      0x7e1 ./ra_gen/vector_data.o
 .debug_info    0x00008dc2     0x9852 ./ra/fsp/src/r_sci_uart/r_sci_uart.o
 .debug_info    0x00012614     0x69d4 ./ra/fsp/src/r_ioport/r_ioport.o
 .debug_info    0x00018fe8     0x46b8 ./ra/fsp/src/bsp/mcu/all/bsp_clocks.o
 .debug_info    0x0001d6a0      0x906 ./ra/fsp/src/bsp/mcu/all/bsp_common.o
 .debug_info    0x0001dfa6      0x1d8 ./ra/fsp/src/bsp/mcu/all/bsp_delay.o
 .debug_info    0x0001e17e     0x1385 ./ra/fsp/src/bsp/mcu/all/bsp_group_irq.o
 .debug_info    0x0001f503       0xaa ./ra/fsp/src/bsp/mcu/all/bsp_io.o
 .debug_info    0x0001f5ad     0x1c9d ./ra/fsp/src/bsp/mcu/all/bsp_irq.o
 .debug_info    0x0002124a     0x3ac8 ./ra/fsp/src/bsp/mcu/all/bsp_register_protection.o
 .debug_info    0x00024d12      0x1af ./ra/fsp/src/bsp/mcu/all/bsp_rom_registers.o
 .debug_info    0x00024ec1      0x148 ./ra/fsp/src/bsp/cmsis/Device/RENESAS/Source/startup.o
 .debug_info    0x00025009      0x8ea ./ra/fsp/src/bsp/cmsis/Device/RENESAS/Source/system.o
 .debug_info    0x000258f3       0x9d ./ra/board/ra6m4_ek/board_init.o

.debug_abbrev   0x00000000     0x2444
 .debug_abbrev  0x00000000      0x30b ./src/hal_entry.o
 .debug_abbrev  0x0000030b      0x150 ./ra_gen/common_data.o
 .debug_abbrev  0x0000045b      0x27d ./ra_gen/hal_data.o
 .debug_abbrev  0x000006d8       0x66 ./ra_gen/main.o
 .debug_abbrev  0x0000073e       0xdc ./ra_gen/pin_data.o
 .debug_abbrev  0x0000081a       0xa7 ./ra_gen/vector_data.o
 .debug_abbrev  0x000008c1      0x5bd ./ra/fsp/src/r_sci_uart/r_sci_uart.o
 .debug_abbrev  0x00000e7e      0x428 ./ra/fsp/src/r_ioport/r_ioport.o
 .debug_abbrev  0x000012a6      0x383 ./ra/fsp/src/bsp/mcu/all/bsp_clocks.o
 .debug_abbrev  0x00001629      0x188 ./ra/fsp/src/bsp/mcu/all/bsp_common.o
 .debug_abbrev  0x000017b1      0x111 ./ra/fsp/src/bsp/mcu/all/bsp_delay.o
 .debug_abbrev  0x000018c2      0x254 ./ra/fsp/src/bsp/mcu/all/bsp_group_irq.o
 .debug_abbrev  0x00001b16       0x5e ./ra/fsp/src/bsp/mcu/all/bsp_io.o
 .debug_abbrev  0x00001b74      0x251 ./ra/fsp/src/bsp/mcu/all/bsp_irq.o
 .debug_abbrev  0x00001dc5      0x277 ./ra/fsp/src/bsp/mcu/all/bsp_register_protection.o
 .debug_abbrev  0x0000203c       0x4d ./ra/fsp/src/bsp/mcu/all/bsp_rom_registers.o
 .debug_abbrev  0x00002089       0xe6 ./ra/fsp/src/bsp/cmsis/Device/RENESAS/Source/startup.o
 .debug_abbrev  0x0000216f      0x279 ./ra/fsp/src/bsp/cmsis/Device/RENESAS/Source/system.o
 .debug_abbrev  0x000023e8       0x5c ./ra/board/ra6m4_ek/board_init.o

.debug_loc      0x00000000     0x2a66
 .debug_loc     0x00000000       0x25 ./src/hal_entry.o
 .debug_loc     0x00000025     0x14e6 ./ra/fsp/src/r_sci_uart/r_sci_uart.o
 .debug_loc     0x0000150b      0xdfe ./ra/fsp/src/r_ioport/r_ioport.o
 .debug_loc     0x00002309      0x24f ./ra/fsp/src/bsp/mcu/all/bsp_clocks.o
 .debug_loc     0x00002558       0x22 ./ra/fsp/src/bsp/mcu/all/bsp_common.o
 .debug_loc     0x0000257a      0x178 ./ra/fsp/src/bsp/mcu/all/bsp_delay.o
 .debug_loc     0x000026f2       0xaa ./ra/fsp/src/bsp/mcu/all/bsp_group_irq.o
 .debug_loc     0x0000279c      0x121 ./ra/fsp/src/bsp/mcu/all/bsp_irq.o
 .debug_loc     0x000028bd      0x105 ./ra/fsp/src/bsp/mcu/all/bsp_register_protection.o
 .debug_loc     0x000029c2       0xa4 ./ra/fsp/src/bsp/cmsis/Device/RENESAS/Source/system.o

.debug_aranges  0x00000000      0x3a8
 .debug_aranges
                0x00000000       0x30 ./src/hal_entry.o
 .debug_aranges
                0x00000030       0x20 ./ra_gen/common_data.o
 .debug_aranges
                0x00000050       0x20 ./ra_gen/hal_data.o
 .debug_aranges
                0x00000070       0x20 ./ra_gen/main.o
 .debug_aranges
                0x00000090       0x18 ./ra_gen/pin_data.o
 .debug_aranges
                0x000000a8       0x18 ./ra_gen/vector_data.o
 .debug_aranges
                0x000000c0       0x90 ./ra/fsp/src/r_sci_uart/r_sci_uart.o
 .debug_aranges
                0x00000150       0x98 ./ra/fsp/src/r_ioport/r_ioport.o
 .debug_aranges
                0x000001e8       0x58 ./ra/fsp/src/bsp/mcu/all/bsp_clocks.o
 .debug_aranges
                0x00000240       0x30 ./ra/fsp/src/bsp/mcu/all/bsp_common.o
 .debug_aranges
                0x00000270       0x28 ./ra/fsp/src/bsp/mcu/all/bsp_delay.o
 .debug_aranges
                0x00000298       0x28 ./ra/fsp/src/bsp/mcu/all/bsp_group_irq.o
 .debug_aranges
                0x000002c0       0x18 ./ra/fsp/src/bsp/mcu/all/bsp_io.o
 .debug_aranges
                0x000002d8       0x20 ./ra/fsp/src/bsp/mcu/all/bsp_irq.o
 .debug_aranges
                0x000002f8       0x28 ./ra/fsp/src/bsp/mcu/all/bsp_register_protection.o
 .debug_aranges
                0x00000320       0x18 ./ra/fsp/src/bsp/mcu/all/bsp_rom_registers.o
 .debug_aranges
                0x00000338       0x28 ./ra/fsp/src/bsp/cmsis/Device/RENESAS/Source/startup.o
 .debug_aranges
                0x00000360       0x28 ./ra/fsp/src/bsp/cmsis/Device/RENESAS/Source/system.o
 .debug_aranges
                0x00000388       0x20 ./ra/board/ra6m4_ek/board_init.o

.debug_ranges   0x00000000      0xb30
 .debug_ranges  0x00000000       0x20 ./src/hal_entry.o
 .debug_ranges  0x00000020       0x10 ./ra_gen/common_data.o
 .debug_ranges  0x00000030       0x10 ./ra_gen/hal_data.o
 .debug_ranges  0x00000040       0x10 ./ra_gen/main.o
 .debug_ranges  0x00000050      0x6f0 ./ra/fsp/src/r_sci_uart/r_sci_uart.o
 .debug_ranges  0x00000740      0x160 ./ra/fsp/src/r_ioport/r_ioport.o
 .debug_ranges  0x000008a0      0x110 ./ra/fsp/src/bsp/mcu/all/bsp_clocks.o
 .debug_ranges  0x000009b0       0x20 ./ra/fsp/src/bsp/mcu/all/bsp_common.o
 .debug_ranges  0x000009d0       0x18 ./ra/fsp/src/bsp/mcu/all/bsp_delay.o
 .debug_ranges  0x000009e8       0x58 ./ra/fsp/src/bsp/mcu/all/bsp_group_irq.o
 .debug_ranges  0x00000a40       0x68 ./ra/fsp/src/bsp/mcu/all/bsp_irq.o
 .debug_ranges  0x00000aa8       0x48 ./ra/fsp/src/bsp/mcu/all/bsp_register_protection.o
 .debug_ranges  0x00000af0       0x18 ./ra/fsp/src/bsp/cmsis/Device/RENESAS/Source/startup.o
 .debug_ranges  0x00000b08       0x18 ./ra/fsp/src/bsp/cmsis/Device/RENESAS/Source/system.o
 .debug_ranges  0x00000b20       0x10 ./ra/board/ra6m4_ek/board_init.o

.debug_line     0x00000000     0x5a5f
 .debug_line    0x00000000      0x59f ./src/hal_entry.o
 .debug_line    0x0000059f      0x39c ./ra_gen/common_data.o
 .debug_line    0x0000093b      0x3ed ./ra_gen/hal_data.o
 .debug_line    0x00000d28       0x5e ./ra_gen/main.o
 .debug_line    0x00000d86      0x228 ./ra_gen/pin_data.o
 .debug_line    0x00000fae      0x129 ./ra_gen/vector_data.o
 .debug_line    0x000010d7     0x1743 ./ra/fsp/src/r_sci_uart/r_sci_uart.o
 .debug_line    0x0000281a      0xccd ./ra/fsp/src/r_ioport/r_ioport.o
 .debug_line    0x000034e7      0x83f ./ra/fsp/src/bsp/mcu/all/bsp_clocks.o
 .debug_line    0x00003d26      0x2d9 ./ra/fsp/src/bsp/mcu/all/bsp_common.o
 .debug_line    0x00003fff      0x314 ./ra/fsp/src/bsp/mcu/all/bsp_delay.o
 .debug_line    0x00004313      0x381 ./ra/fsp/src/bsp/mcu/all/bsp_group_irq.o
 .debug_line    0x00004694      0x1c7 ./ra/fsp/src/bsp/mcu/all/bsp_io.o
 .debug_line    0x0000485b      0x4c9 ./ra/fsp/src/bsp/mcu/all/bsp_irq.o
 .debug_line    0x00004d24      0x430 ./ra/fsp/src/bsp/mcu/all/bsp_register_protection.o
 .debug_line    0x00005154      0x161 ./ra/fsp/src/bsp/mcu/all/bsp_rom_registers.o
 .debug_line    0x000052b5      0x24b ./ra/fsp/src/bsp/cmsis/Device/RENESAS/Source/startup.o
 .debug_line    0x00005500      0x505 ./ra/fsp/src/bsp/cmsis/Device/RENESAS/Source/system.o
 .debug_line    0x00005a05       0x5a ./ra/board/ra6m4_ek/board_init.o

.debug_str      0x00000000     0xa17c
 .debug_str     0x00000000     0x40cd ./src/hal_entry.o
                               0x41f9 (size before relaxing)
 .debug_str     0x000040cd       0x47 ./ra_gen/common_data.o
                               0x3268 (size before relaxing)
 .debug_str     0x00004114      0x5ae ./ra_gen/hal_data.o
                               0x4283 (size before relaxing)
 .debug_str     0x000046c2       0x16 ./ra_gen/main.o
                                0x1d1 (size before relaxing)
 .debug_str     0x000046d8      0x5d6 ./ra_gen/pin_data.o
                               0x1ce7 (size before relaxing)
 .debug_str     0x00004cae     0x199a ./ra_gen/vector_data.o
                               0x1b4b (size before relaxing)
 .debug_str     0x00006648     0x20e9 ./ra/fsp/src/r_sci_uart/r_sci_uart.o
                               0x6409 (size before relaxing)
 .debug_str     0x00008731      0x8c8 ./ra/fsp/src/r_ioport/r_ioport.o
                               0x54fb (size before relaxing)
 .debug_str     0x00008ff9      0x685 ./ra/fsp/src/bsp/mcu/all/bsp_clocks.o
                               0x1f6a (size before relaxing)
 .debug_str     0x0000967e      0x10b ./ra/fsp/src/bsp/mcu/all/bsp_common.o
                               0x1a7a (size before relaxing)
 .debug_str     0x00009789       0xbc ./ra/fsp/src/bsp/mcu/all/bsp_delay.o
                                0x300 (size before relaxing)
 .debug_str     0x00009845      0x1de ./ra/fsp/src/bsp/mcu/all/bsp_group_irq.o
                               0x1f85 (size before relaxing)
 .debug_str     0x00009a23       0x23 ./ra/fsp/src/bsp/mcu/all/bsp_io.o
                                0x200 (size before relaxing)
 .debug_str     0x00009a46      0x2d9 ./ra/fsp/src/bsp/mcu/all/bsp_irq.o
                               0x2365 (size before relaxing)
 .debug_str     0x00009d1f       0x88 ./ra/fsp/src/bsp/mcu/all/bsp_register_protection.o
                               0x1902 (size before relaxing)
 .debug_str     0x00009da7      0x15d ./ra/fsp/src/bsp/mcu/all/bsp_rom_registers.o
                                0x322 (size before relaxing)
 .debug_str     0x00009f04       0x82 ./ra/fsp/src/bsp/cmsis/Device/RENESAS/Source/startup.o
                                0x24a (size before relaxing)
 .debug_str     0x00009f86      0x1d4 ./ra/fsp/src/bsp/cmsis/Device/RENESAS/Source/system.o
                                0x639 (size before relaxing)
 .debug_str     0x0000a15a       0x22 ./ra/board/ra6m4_ek/board_init.o
                                0x1e3 (size before relaxing)

.debug_frame    0x00000000      0x6e4
 .debug_frame   0x00000000       0x4c ./src/hal_entry.o
 .debug_frame   0x0000004c       0x20 ./ra_gen/common_data.o
 .debug_frame   0x0000006c       0x20 ./ra_gen/hal_data.o
 .debug_frame   0x0000008c       0x28 ./ra_gen/main.o
 .debug_frame   0x000000b4      0x1d4 ./ra/fsp/src/r_sci_uart/r_sci_uart.o
 .debug_frame   0x00000288      0x18c ./ra/fsp/src/r_ioport/r_ioport.o
 .debug_frame   0x00000414       0xb4 ./ra/fsp/src/bsp/mcu/all/bsp_clocks.o
 .debug_frame   0x000004c8       0x40 ./ra/fsp/src/bsp/mcu/all/bsp_common.o
 .debug_frame   0x00000508       0x44 ./ra/fsp/src/bsp/mcu/all/bsp_delay.o
 .debug_frame   0x0000054c       0x3c ./ra/fsp/src/bsp/mcu/all/bsp_group_irq.o
 .debug_frame   0x00000588       0x30 ./ra/fsp/src/bsp/mcu/all/bsp_irq.o
 .debug_frame   0x000005b8       0x48 ./ra/fsp/src/bsp/mcu/all/bsp_register_protection.o
 .debug_frame   0x00000600       0x38 ./ra/fsp/src/bsp/cmsis/Device/RENESAS/Source/startup.o
 .debug_frame   0x00000638       0x44 ./ra/fsp/src/bsp/cmsis/Device/RENESAS/Source/system.o
 .debug_frame   0x0000067c       0x20 ./ra/board/ra6m4_ek/board_init.o
 .debug_frame   0x0000069c       0x28 c:/renesas/ra/e2studio_v2022-04_fsp_v3.8.0/toolchains/gcc_arm/gcc-arm-none-eabi-10.3-2021.10/bin/../lib/gcc/arm-none-eabi/10.3.1/../../../../arm-none-eabi/lib/thumb/v8-m.main+fp/hard\libg_nano.a(lib_a-memcpy-stub.o)
 .debug_frame   0x000006c4       0x20 c:/renesas/ra/e2studio_v2022-04_fsp_v3.8.0/toolchains/gcc_arm/gcc-arm-none-eabi-10.3-2021.10/bin/../lib/gcc/arm-none-eabi/10.3.1/../../../../arm-none-eabi/lib/thumb/v8-m.main+fp/hard\libg_nano.a(lib_a-memset.o)
