Archive member included to satisfy reference by file (symbol)

c:/renesas/ra/e2studio_v2022-04_fsp_v3.8.0/toolchains/gcc_arm/gcc-arm-none-eabi-10.3-2021.10/bin/../lib/gcc/arm-none-eabi/10.3.1/thumb/v8-m.main+fp/hard\libgcc.a(_aeabi_ldivmod.o)
                              ./ra/fsp/src/r_sci_uart/r_sci_uart.o (__aeabi_ldivmod)
c:/renesas/ra/e2studio_v2022-04_fsp_v3.8.0/toolchains/gcc_arm/gcc-arm-none-eabi-10.3-2021.10/bin/../lib/gcc/arm-none-eabi/10.3.1/thumb/v8-m.main+fp/hard\libgcc.a(_udivmoddi4.o)
                              c:/renesas/ra/e2studio_v2022-04_fsp_v3.8.0/toolchains/gcc_arm/gcc-arm-none-eabi-10.3-2021.10/bin/../lib/gcc/arm-none-eabi/10.3.1/thumb/v8-m.main+fp/hard\libgcc.a(_aeabi_ldivmod.o) (__udivmoddi4)
c:/renesas/ra/e2studio_v2022-04_fsp_v3.8.0/toolchains/gcc_arm/gcc-arm-none-eabi-10.3-2021.10/bin/../lib/gcc/arm-none-eabi/10.3.1/thumb/v8-m.main+fp/hard\libgcc.a(_dvmd_tls.o)
                              c:/renesas/ra/e2studio_v2022-04_fsp_v3.8.0/toolchains/gcc_arm/gcc-arm-none-eabi-10.3-2021.10/bin/../lib/gcc/arm-none-eabi/10.3.1/thumb/v8-m.main+fp/hard\libgcc.a(_aeabi_ldivmod.o) (__aeabi_ldiv0)
c:/renesas/ra/e2studio_v2022-04_fsp_v3.8.0/toolchains/gcc_arm/gcc-arm-none-eabi-10.3-2021.10/bin/../lib/gcc/arm-none-eabi/10.3.1/../../../../arm-none-eabi/lib/thumb/v8-m.main+fp/hard\libg_nano.a(lib_a-errno.o)
                              ./ra/fsp/src/bsp/mcu/all/bsp_sbrk.o (__errno)
c:/renesas/ra/e2studio_v2022-04_fsp_v3.8.0/toolchains/gcc_arm/gcc-arm-none-eabi-10.3-2021.10/bin/../lib/gcc/arm-none-eabi/10.3.1/../../../../arm-none-eabi/lib/thumb/v8-m.main+fp/hard\libg_nano.a(lib_a-exit.o)
                              c:/renesas/ra/e2studio_v2022-04_fsp_v3.8.0/toolchains/gcc_arm/gcc-arm-none-eabi-10.3-2021.10/bin/../lib/gcc/arm-none-eabi/10.3.1/../../../../arm-none-eabi/lib/thumb/v8-m.main+fp/hard/rdimon-crt0.o (exit)
c:/renesas/ra/e2studio_v2022-04_fsp_v3.8.0/toolchains/gcc_arm/gcc-arm-none-eabi-10.3-2021.10/bin/../lib/gcc/arm-none-eabi/10.3.1/../../../../arm-none-eabi/lib/thumb/v8-m.main+fp/hard\libg_nano.a(lib_a-impure.o)
                              c:/renesas/ra/e2studio_v2022-04_fsp_v3.8.0/toolchains/gcc_arm/gcc-arm-none-eabi-10.3-2021.10/bin/../lib/gcc/arm-none-eabi/10.3.1/../../../../arm-none-eabi/lib/thumb/v8-m.main+fp/hard\libg_nano.a(lib_a-exit.o) (_global_impure_ptr)
c:/renesas/ra/e2studio_v2022-04_fsp_v3.8.0/toolchains/gcc_arm/gcc-arm-none-eabi-10.3-2021.10/bin/../lib/gcc/arm-none-eabi/10.3.1/../../../../arm-none-eabi/lib/thumb/v8-m.main+fp/hard\libg_nano.a(lib_a-init.o)
                              c:/renesas/ra/e2studio_v2022-04_fsp_v3.8.0/toolchains/gcc_arm/gcc-arm-none-eabi-10.3-2021.10/bin/../lib/gcc/arm-none-eabi/10.3.1/../../../../arm-none-eabi/lib/thumb/v8-m.main+fp/hard/rdimon-crt0.o (__libc_init_array)
c:/renesas/ra/e2studio_v2022-04_fsp_v3.8.0/toolchains/gcc_arm/gcc-arm-none-eabi-10.3-2021.10/bin/../lib/gcc/arm-none-eabi/10.3.1/../../../../arm-none-eabi/lib/thumb/v8-m.main+fp/hard\libg_nano.a(lib_a-memcpy-stub.o)
                              ./ra/fsp/src/r_sci_uart/r_sci_uart.o (memcpy)
c:/renesas/ra/e2studio_v2022-04_fsp_v3.8.0/toolchains/gcc_arm/gcc-arm-none-eabi-10.3-2021.10/bin/../lib/gcc/arm-none-eabi/10.3.1/../../../../arm-none-eabi/lib/thumb/v8-m.main+fp/hard\libg_nano.a(lib_a-memset.o)
                              c:/renesas/ra/e2studio_v2022-04_fsp_v3.8.0/toolchains/gcc_arm/gcc-arm-none-eabi-10.3-2021.10/bin/../lib/gcc/arm-none-eabi/10.3.1/../../../../arm-none-eabi/lib/thumb/v8-m.main+fp/hard/rdimon-crt0.o (memset)
c:/renesas/ra/e2studio_v2022-04_fsp_v3.8.0/toolchains/gcc_arm/gcc-arm-none-eabi-10.3-2021.10/bin/../lib/gcc/arm-none-eabi/10.3.1/../../../../arm-none-eabi/lib/thumb/v8-m.main+fp/hard\librdimon_nano.a(rdimon-syscalls.o)
                              c:/renesas/ra/e2studio_v2022-04_fsp_v3.8.0/toolchains/gcc_arm/gcc-arm-none-eabi-10.3-2021.10/bin/../lib/gcc/arm-none-eabi/10.3.1/../../../../arm-none-eabi/lib/thumb/v8-m.main+fp/hard/rdimon-crt0.o (initialise_monitor_handles)
c:/renesas/ra/e2studio_v2022-04_fsp_v3.8.0/toolchains/gcc_arm/gcc-arm-none-eabi-10.3-2021.10/bin/../lib/gcc/arm-none-eabi/10.3.1/../../../../arm-none-eabi/lib/thumb/v8-m.main+fp/hard\librdimon_nano.a(rdimon-_exit.o)
                              c:/renesas/ra/e2studio_v2022-04_fsp_v3.8.0/toolchains/gcc_arm/gcc-arm-none-eabi-10.3-2021.10/bin/../lib/gcc/arm-none-eabi/10.3.1/../../../../arm-none-eabi/lib/thumb/v8-m.main+fp/hard\libg_nano.a(lib_a-exit.o) (_exit)
c:/renesas/ra/e2studio_v2022-04_fsp_v3.8.0/toolchains/gcc_arm/gcc-arm-none-eabi-10.3-2021.10/bin/../lib/gcc/arm-none-eabi/10.3.1/../../../../arm-none-eabi/lib/thumb/v8-m.main+fp/hard\librdimon_nano.a(rdimon-_kill.o)
                              c:/renesas/ra/e2studio_v2022-04_fsp_v3.8.0/toolchains/gcc_arm/gcc-arm-none-eabi-10.3-2021.10/bin/../lib/gcc/arm-none-eabi/10.3.1/../../../../arm-none-eabi/lib/thumb/v8-m.main+fp/hard\librdimon_nano.a(rdimon-_exit.o) (_kill_shared)
[...]
Memory Configuration

Name             Origin             Length             Attributes
FLASH            0x00000000         0x00100000         xr
RAM              0x20000000         0x00040000         xrw
DATA_FLASH       0x08000000         0x00002000         xr
QSPI_FLASH       0x60000000         0x04000000         xr
OSPI_DEVICE_0    0x68000000         0x08000000         xr
OSPI_DEVICE_1    0x70000000         0x10000000         xr
OSPI_DEVICE_0_RAM 0x68000000         0x08000000         xrw
OSPI_DEVICE_1_RAM 0x70000000         0x10000000         xrw
SDRAM            0x90000000         0x00000000         xrw
OPTION_SETTING   0x0100a100         0x00000100         r
OPTION_SETTING_S 0x0100a200         0x00000100         r
ID_CODE          0x00000000         0x00000000         xr
*default*        0x00000000         0xffffffff

Linker script and memory map

LOAD c:/renesas/ra/e2studio_v2022-04_fsp_v3.8.0/toolchains/gcc_arm/gcc-arm-none-eabi-10.3-2021.10/bin/../lib/gcc/arm-none-eabi/10.3.1/thumb/v8-m.main+fp/hard/crti.o
LOAD c:/renesas/ra/e2studio_v2022-04_fsp_v3.8.0/toolchains/gcc_arm/gcc-arm-none-eabi-10.3-2021.10/bin/../lib/gcc/arm-none-eabi/10.3.1/thumb/v8-m.main+fp/hard/crtbegin.o
LOAD c:/renesas/ra/e2studio_v2022-04_fsp_v3.8.0/toolchains/gcc_arm/gcc-arm-none-eabi-10.3-2021.10/bin/../lib/gcc/arm-none-eabi/10.3.1/../../../../arm-none-eabi/lib/thumb/v8-m.main+fp/hard/rdimon-crt0.o
START GROUP
LOAD ./src/bar_graph.o
LOAD ./src/graph.o
LOAD ./src/hal_entry.o
LOAD ./src/value.o
LOAD ./ra_gen/common_data.o
LOAD ./ra_gen/hal_data.o
LOAD ./ra_gen/main.o
LOAD ./ra_gen/pin_data.o
LOAD ./ra_gen/vector_data.o
LOAD ./ra/fsp/src/r_sci_uart/r_sci_uart.o
LOAD ./ra/fsp/src/r_ioport/r_ioport.o
LOAD ./ra/fsp/src/bsp/mcu/all/bsp_clocks.o
LOAD ./ra/fsp/src/bsp/mcu/all/bsp_common.o
LOAD ./ra/fsp/src/bsp/mcu/all/bsp_delay.o
LOAD ./ra/fsp/src/bsp/mcu/all/bsp_group_irq.o
LOAD ./ra/fsp/src/bsp/mcu/all/bsp_guard.o
LOAD ./ra/fsp/src/bsp/mcu/all/bsp_io.o
LOAD ./ra/fsp/src/bsp/mcu/all/bsp_irq.o
LOAD ./ra/fsp/src/bsp/mcu/all/bsp_register_protection.o
LOAD ./ra/fsp/src/bsp/mcu/all/bsp_rom_registers.o
LOAD ./ra/fsp/src/bsp/mcu/all/bsp_sbrk.o
LOAD ./ra/fsp/src/bsp/mcu/all/bsp_security.o
LOAD ./ra/fsp/src/bsp/cmsis/Device/RENESAS/Source/startup.o
LOAD ./ra/fsp/src/bsp/cmsis/Device/RENESAS/Source/system.o
LOAD ./ra/board/ra6m4_ek/board_init.o
LOAD ./ra/board/ra6m4_ek/board_leds.o
END GROUP
START GROUP
LOAD c:/renesas/ra/e2studio_v2022-04_fsp_v3.8.0/toolchains/gcc_arm/gcc-arm-none-eabi-10.3-2021.10/bin/../lib/gcc/arm-none-eabi/10.3.1/thumb/v8-m.main+fp/hard\libgcc.a
LOAD c:/renesas/ra/e2studio_v2022-04_fsp_v3.8.0/toolchains/gcc_arm/gcc-arm-none-eabi-10.3-2021.10/bin/../lib/gcc/arm-none-eabi/10.3.1/../../../../arm-none-eabi/lib/thumb/v8-m.main+fp/hard\libg_nano.a
LOAD c:/renesas/ra/e2studio_v2022-04_fsp_v3.8.0/toolchains/gcc_arm/gcc-arm-none-eabi-10.3-2021.10/bin/../lib/gcc/arm-none-eabi/10.3.1/../../../../arm-none-eabi/lib/thumb/v8-m.main+fp/hard\libc_nano.a
END GROUP
START GROUP
LOAD c:/renesas/ra/e2studio_v2022-04_fsp_v3.8.0/toolchains/gcc_arm/gcc-arm-none-eabi-10.3-2021.10/bin/../lib/gcc/arm-none-eabi/10.3.1/thumb/v8-m.main+fp/hard\libgcc.a
LOAD c:/renesas/ra/e2studio_v2022-04_fsp_v3.8.0/toolchains/gcc_arm/gcc-arm-none-eabi-10.3-2021.10/bin/../lib/gcc/arm-none-eabi/10.3.1/../../../../arm-none-eabi/lib/thumb/v8-m.main+fp/hard\libc_nano.a
LOAD c:/renesas/ra/e2studio_v2022-04_fsp_v3.8.0/toolchains/gcc_arm/gcc-arm-none-eabi-10.3-2021.10/bin/../lib/gcc/arm-none-eabi/10.3.1/../../../../arm-none-eabi/lib/thumb/v8-m.main+fp/hard\librdimon_nano.a
END GROUP
START GROUP
LOAD c:/renesas/ra/e2studio_v2022-04_fsp_v3.8.0/toolchains/gcc_arm/gcc-arm-none-eabi-10.3-2021.10/bin/../lib/gcc/arm-none-eabi/10.3.1/thumb/v8-m.main+fp/hard\libgcc.a
LOAD c:/renesas/ra/e2studio_v2022-04_fsp_v3.8.0/toolchains/gcc_arm/gcc-arm-none-eabi-10.3-2021.10/bin/../lib/gcc/arm-none-eabi/10.3.1/../../../../arm-none-eabi/lib/thumb/v8-m.main+fp/hard\libc_nano.a
LOAD c:/renesas/ra/e2studio_v2022-04_fsp_v3.8.0/toolchains/gcc_arm/gcc-arm-none-eabi-10.3-2021.10/bin/../lib/gcc/arm-none-eabi/10.3.1/../../../../arm-none-eabi/lib/thumb/v8-m.main+fp/hard\librdimon_nano.a
END GROUP
LOAD c:/renesas/ra/e2studio_v2022-04_fsp_v3.8.0/toolchains/gcc_arm/gcc-arm-none-eabi-10.3-2021.10/bin/../lib/gcc/arm-none-eabi/10.3.1/thumb/v8-m.main+fp/hard/crtend.o
LOAD c:/renesas/ra/e2studio_v2022-04_fsp_v3.8.0/toolchains/gcc_arm/gcc-arm-none-eabi-10.3-2021.10/bin/../lib/gcc/arm-none-eabi/10.3.1/thumb/v8-m.main+fp/hard/crtn.o
                0x20000000                RAM_START = 0x20000000
                0x00040000                RAM_LENGTH = 0x40000
                0x00000000                FLASH_START = 0x0
                0x00100000                FLASH_LENGTH = 0x100000
                0x08000000                DATA_FLASH_START = 0x8000000
                0x00002000                DATA_FLASH_LENGTH = 0x2000
                0x0100a100                OPTION_SETTING_START = 0x100a100
                0x00000100                OPTION_SETTING_LENGTH = 0x100
                0x0100a200                OPTION_SETTING_S_START = 0x100a200
                0x00000100                OPTION_SETTING_S_LENGTH = 0x100
                0x00000000                ID_CODE_START = 0x0
                0x00000000                ID_CODE_LENGTH = 0x0
                0x90000000                SDRAM_START = 0x90000000
                0x00000000                SDRAM_LENGTH = 0x0
                0x60000000                QSPI_FLASH_START = 0x60000000
                0x04000000                QSPI_FLASH_LENGTH = 0x4000000
                0x68000000                OSPI_DEVICE_0_START = 0x68000000
                0x08000000                OSPI_DEVICE_0_LENGTH = 0x8000000
                0x70000000                OSPI_DEVICE_1_START = 0x70000000
                0x10000000                OSPI_DEVICE_1_LENGTH = 0x10000000
                0x04000000                QSPI_FLASH_PRV_LENGTH = DEFINED (QSPI_FLASH_SIZE)?ABSOLUTE (QSPI_FLASH_SIZE):ABSOLUTE (QSPI_FLASH_LENGTH)
                0x08000000                OSPI_DEVICE_0_PRV_LENGTH = DEFINED (OSPI_DEVICE_0_SIZE)?ABSOLUTE (OSPI_DEVICE_0_SIZE):ABSOLUTE (OSPI_DEVICE_0_LENGTH)
                0x10000000                OSPI_DEVICE_1_PRV_LENGTH = DEFINED (OSPI_DEVICE_1_SIZE)?ABSOLUTE (OSPI_DEVICE_1_SIZE):ABSOLUTE (OSPI_DEVICE_1_LENGTH)
                0x00000000                __RESERVE_NS_RAM = ((! (DEFINED (PROJECT_NONSECURE)) && DEFINED (RAM_NS_BUFFER_LENGTH)) && (OPTION_SETTING_S_LENGTH != 0x0))
                0x00000000                RAM_NS_BUFFER_BLOCK_LENGTH = DEFINED (RAM_NS_BUFFER_LENGTH)?ALIGN (RAM_NS_BUFFER_LENGTH, 0x2000):0x0
                0x00000000                RAM_NS_BUFFER_LENGTH = DEFINED (RAM_NS_BUFFER_LENGTH)?RAM_NS_BUFFER_LENGTH:0x0
                0x20040000                RAM_NS_BUFFER_START = ((RAM_START + RAM_LENGTH) - RAM_NS_BUFFER_LENGTH)
                0x20040000                RAM_NS_BUFFER_BLOCK_START = ((RAM_START + RAM_LENGTH) - RAM_NS_BUFFER_BLOCK_LENGTH)
                0x0100a180                OPTION_SETTING_START_NS = 0x100a180
                0x00000001                __bl_FSP_BOOTABLE_IMAGE = 0x1
                0x00000001                __bln_FSP_BOOTABLE_IMAGE = 0x1
                0x00000001                PROJECT_SECURE_OR_FLAT = ((! (DEFINED (PROJECT_NONSECURE)) && OPTION_SETTING_LENGTH) && ! (DEFINED (FSP_BOOTABLE_IMAGE)))
                0x00000000                USE_OPTION_SETTING_NS = (DEFINED (PROJECT_NONSECURE) && ! (DEFINED (FSP_BOOTABLE_IMAGE)))
                0x00000000                __bl_FLASH_IMAGE_START = ! (DEFINED (FLASH_BOOTLOADER_LENGTH))?0x0:(FLASH_APPLICATION_IMAGE_NUMBER == 0x1)?(FLASH_BOOTLOADER_LENGTH + FLASH_BOOTLOADER_HEADER_LENGTH):(((FLASH_BOOTLOADER_LENGTH + FLASH_BOOTLOADER_SCRATCH_LENGTH) + FLASH_APPLICATION_S_LENGTH) + FLASH_BOOTLOADER_HEADER_LENGTH)
                0x00000000                __bl_FLASH_IMAGE_LENGTH = ! (DEFINED (FLASH_BOOTLOADER_LENGTH))?0x0:(FLASH_APPLICATION_S_LENGTH - FLASH_BOOTLOADER_HEADER_LENGTH)
                0x00000000                __bl_FLASH_IMAGE_END = (__bl_FLASH_IMAGE_START + __bl_FLASH_IMAGE_LENGTH)
                0x00000000                __bl_XIP_SECONDARY_FLASH_IMAGE_START = ! (DEFINED (FLASH_BOOTLOADER_LENGTH))?0x0:((FLASH_BOOTLOADER_LENGTH + FLASH_APPLICATION_S_LENGTH) + FLASH_BOOTLOADER_HEADER_LENGTH)
                0x00000000                __bl_XIP_SECONDARY_FLASH_IMAGE_END = (__bl_XIP_SECONDARY_FLASH_IMAGE_START + __bl_FLASH_IMAGE_LENGTH)
                0x00000000                __bl_FLASH_NS_START = ! (DEFINED (FLASH_BOOTLOADER_LENGTH))?0x0:(FLASH_APPLICATION_NS_LENGTH == 0x0)?__bl_FLASH_IMAGE_END:((__bl_FLASH_IMAGE_START - FLASH_BOOTLOADER_HEADER_LENGTH) + FLASH_APPLICATION_S_LENGTH)
                0x00000000                __bl_FLASH_NSC_START = ! (DEFINED (FLASH_BOOTLOADER_LENGTH))?0x0:(FLASH_APPLICATION_NS_LENGTH == 0x0)?__bl_FLASH_IMAGE_END:(__bl_FLASH_NS_START - FLASH_APPLICATION_NSC_LENGTH)
                0x00000000                __bl_RAM_NS_START = ! (DEFINED (FLASH_BOOTLOADER_LENGTH))?0x0:(FLASH_APPLICATION_NS_LENGTH == 0x0)?(RAM_START + RAM_LENGTH):((RAM_START + RAM_LENGTH) - RAM_APPLICATION_NS_LENGTH)
                0x00000000                __bl_RAM_NSC_START = ! (DEFINED (FLASH_BOOTLOADER_LENGTH))?0x0:(FLASH_APPLICATION_NS_LENGTH == 0x0)?(RAM_START + RAM_LENGTH):(__bl_RAM_NS_START - RAM_APPLICATION_NSC_LENGTH)
                0x00000000                __bl_FLASH_NS_IMAGE_START = ! (DEFINED (FLASH_BOOTLOADER_LENGTH))?0x0:(FLASH_APPLICATION_NS_LENGTH == 0x0)?__bl_FLASH_IMAGE_END:(__bl_FLASH_NS_START + FLASH_BOOTLOADER_HEADER_LENGTH_2)
                0x00000000                __bln_FLASH_IMAGE_START = __bl_FLASH_NS_IMAGE_START
                0x00000000                __bln_FLASH_IMAGE_LENGTH = ! (DEFINED (FLASH_BOOTLOADER_LENGTH))?0x0:(FLASH_APPLICATION_NS_LENGTH == 0x0)?__bl_FLASH_IMAGE_END:(FLASH_APPLICATION_NS_LENGTH - FLASH_BOOTLOADER_HEADER_LENGTH_2)
                0x00000000                XIP_SECONDARY_SLOT_IMAGE = DEFINED (XIP_SECONDARY_SLOT_IMAGE)?XIP_SECONDARY_SLOT_IMAGE:0x0
                0x00000000                FLASH_ORIGIN = ! (DEFINED (FLASH_IMAGE_START))?FLASH_START:(XIP_SECONDARY_SLOT_IMAGE == 0x1)?XIP_SECONDARY_FLASH_IMAGE_START:FLASH_IMAGE_START
                0x00100000                LIMITED_FLASH_LENGTH = DEFINED (FLASH_IMAGE_LENGTH)?FLASH_IMAGE_LENGTH:DEFINED (FLASH_BOOTLOADER_LENGTH)?FLASH_BOOTLOADER_LENGTH:FLASH_LENGTH
START GROUP
LOAD c:/renesas/ra/e2studio_v2022-04_fsp_v3.8.0/toolchains/gcc_arm/gcc-arm-none-eabi-10.3-2021.10/bin/../lib/gcc/arm-none-eabi/10.3.1/thumb/v8-m.main+fp/hard\libgcc.a
LOAD c:/renesas/ra/e2studio_v2022-04_fsp_v3.8.0/toolchains/gcc_arm/gcc-arm-none-eabi-10.3-2021.10/bin/../lib/gcc/arm-none-eabi/10.3.1/../../../../arm-none-eabi/lib/thumb/v8-m.main+fp/hard\libc.a
LOAD c:/renesas/ra/e2studio_v2022-04_fsp_v3.8.0/toolchains/gcc_arm/gcc-arm-none-eabi-10.3-2021.10/bin/../lib/gcc/arm-none-eabi/10.3.1/../../../../arm-none-eabi/lib/thumb/v8-m.main+fp/hard\libm.a
LOAD c:/renesas/ra/e2studio_v2022-04_fsp_v3.8.0/toolchains/gcc_arm/gcc-arm-none-eabi-10.3-2021.10/bin/../lib/gcc/arm-none-eabi/10.3.1/../../../../arm-none-eabi/lib/thumb/v8-m.main+fp/hard\libnosys.a
END GROUP

.text           0x00000000     0x1640
                0x00000000                __tz_FLASH_S = ABSOLUTE (FLASH_START)
                0x00000000                __ROM_Start = .
 *(.fixed_vectors*)
 .fixed_vectors
                0x00000000       0x40 ./ra/fsp/src/bsp/cmsis/Device/RENESAS/Source/startup.o
                0x00000000                __Vectors
 *(.application_vectors*)
 .application_vectors
                0x00000040      0x180 ./ra_gen/vector_data.o
                0x00000040                g_vector_table
                0x000001c0                __Vectors_End = .
                0x000001c0                . = (OPTION_SETTING_LENGTH > 0x0)?.:(__ROM_Start + 0x400)
 *(.rom_registers*)
                0x000001c0                . = (OPTION_SETTING_LENGTH > 0x0)?.:(__ROM_Start + 0x500)
                0x00000200                . = ALIGN (0x80)
 *fill*         0x000001c0       0x40 ff
 *(.mcuboot_sce9_key*)
 *(.text*)
 .text          0x00000200       0x40 c:/renesas/ra/e2studio_v2022-04_fsp_v3.8.0/toolchains/gcc_arm/gcc-arm-none-eabi-10.3-2021.10/bin/../lib/gcc/arm-none-eabi/10.3.1/thumb/v8-m.main+fp/hard/crtbegin.o
 .text.dwin_display_batt_percentage
                0x00000240       0x14 ./src/bar_graph.o
                0x00000240                dwin_display_batt_percentage
 .text.dwin_display_output_voltage_graph
                0x00000254       0x50 ./src/graph.o
                0x00000254                dwin_display_output_voltage_graph
 .text.dwin_display_input_voltage_graph
                0x000002a4       0x50 ./src/graph.o
                0x000002a4                dwin_display_input_voltage_graph
 .text.dwin_display_load_percent_graph
                0x000002f4       0x24 ./src/graph.o
                0x000002f4                dwin_display_load_percent_graph
 .text.user_uart_callback
                0x00000318       0x14 ./src/hal_entry.o
                0x00000318                user_uart_callback
 .text.hal_entry
                0x0000032c       0x94 ./src/hal_entry.o
                0x0000032c                hal_entry
 .text.R_BSP_WarmStart
                0x000003c0       0x18 ./src/hal_entry.o
                0x000003c0                R_BSP_WarmStart
 .text.dwin_display_input_voltage
                0x000003d8       0x24 ./src/value.o
                0x000003d8                dwin_display_input_voltage
 .text.dwin_display_output_voltage
                0x000003fc       0x24 ./src/value.o
                0x000003fc                dwin_display_output_voltage
 .text.dwin_display_load_percentage_value
                0x00000420       0x24 ./src/value.o
                0x00000420                dwin_display_load_percentage_value
 .text.dwin_display_batt_percentage_value
                0x00000444       0x24 ./src/value.o
                0x00000444                dwin_display_batt_percentage_value
 .text.startup.main
                0x00000468        0xc ./ra_gen/main.o
                0x00000468                main
 .text.R_SCI_UART_Write
                0x00000474       0x48 ./ra/fsp/src/r_sci_uart/r_sci_uart.o
                0x00000474                R_SCI_UART_Write
 .text.r_sci_uart_call_callback
                0x000004bc       0x44 ./ra/fsp/src/r_sci_uart/r_sci_uart.o
 .text.R_SCI_UART_Open
                0x00000500      0x33c ./ra/fsp/src/r_sci_uart/r_sci_uart.o
                0x00000500                R_SCI_UART_Open
 .text.sci_uart_txi_isr
                0x0000083c       0x8c ./ra/fsp/src/r_sci_uart/r_sci_uart.o
                0x0000083c                sci_uart_txi_isr
 .text.sci_uart_rxi_isr
                0x000008c8       0x8c ./ra/fsp/src/r_sci_uart/r_sci_uart.o
                0x000008c8                sci_uart_rxi_isr
 .text.sci_uart_tei_isr
                0x00000954       0x40 ./ra/fsp/src/r_sci_uart/r_sci_uart.o
                0x00000954                sci_uart_tei_isr
 .text.sci_uart_eri_isr
                0x00000994       0x74 ./ra/fsp/src/r_sci_uart/r_sci_uart.o
                0x00000994                sci_uart_eri_isr
 .text.R_IOPORT_Close
                0x00000a08        0xc ./ra/fsp/src/r_ioport/r_ioport.o
                0x00000a08                R_IOPORT_Close
 .text.R_IOPORT_PinRead
                0x00000a14       0x24 ./ra/fsp/src/r_ioport/r_ioport.o
                0x00000a14                R_IOPORT_PinRead
 .text.R_IOPORT_PortRead
                0x00000a38       0x14 ./ra/fsp/src/r_ioport/r_ioport.o
                0x00000a38                R_IOPORT_PortRead
 .text.R_IOPORT_PortWrite
                0x00000a4c       0x1c ./ra/fsp/src/r_ioport/r_ioport.o
                0x00000a4c                R_IOPORT_PortWrite
 .text.R_IOPORT_PinWrite
                0x00000a68       0x20 ./ra/fsp/src/r_ioport/r_ioport.o
                0x00000a68                R_IOPORT_PinWrite
 .text.R_IOPORT_PortDirectionSet
                0x00000a88       0x2c ./ra/fsp/src/r_ioport/r_ioport.o
                0x00000a88                R_IOPORT_PortDirectionSet
 .text.R_IOPORT_PortEventInputRead
                0x00000ab4       0x18 ./ra/fsp/src/r_ioport/r_ioport.o
                0x00000ab4                R_IOPORT_PortEventInputRead
 .text.R_IOPORT_PinEventInputRead
                0x00000acc       0x38 ./ra/fsp/src/r_ioport/r_ioport.o
                0x00000acc                R_IOPORT_PinEventInputRead
 .text.R_IOPORT_PortEventOutputWrite
                0x00000b04       0x1c ./ra/fsp/src/r_ioport/r_ioport.o
                0x00000b04                R_IOPORT_PortEventOutputWrite
 .text.R_IOPORT_EthernetModeCfg
                0x00000b20        0xc ./ra/fsp/src/r_ioport/r_ioport.o
                0x00000b20                R_IOPORT_EthernetModeCfg
 .text.R_IOPORT_PinEventOutputWrite
                0x00000b2c       0x4c ./ra/fsp/src/r_ioport/r_ioport.o
                0x00000b2c                R_IOPORT_PinEventOutputWrite
 .text.bsp_vbatt_init
                0x00000b78       0xac ./ra/fsp/src/r_ioport/r_ioport.o
 .text.r_ioport_pins_config
                0x00000c24       0xc0 ./ra/fsp/src/r_ioport/r_ioport.o
 .text.R_IOPORT_Open
                0x00000ce4       0x14 ./ra/fsp/src/r_ioport/r_ioport.o
                0x00000ce4                R_IOPORT_Open
 .text.R_IOPORT_PinsCfg
                0x00000cf8        0xc ./ra/fsp/src/r_ioport/r_ioport.o
                0x00000cf8                R_IOPORT_PinsCfg
 .text.R_IOPORT_PinCfg
                0x00000d04       0xa8 ./ra/fsp/src/r_ioport/r_ioport.o
                0x00000d04                R_IOPORT_PinCfg
 .text.SystemCoreClockUpdate
                0x00000dac       0x28 ./ra/fsp/src/bsp/mcu/all/bsp_clocks.o
                0x00000dac                SystemCoreClockUpdate
 .text.bsp_clock_init
                0x00000dd4      0x110 ./ra/fsp/src/bsp/mcu/all/bsp_clocks.o
                0x00000dd4                bsp_clock_init
 .text.bsp_prv_software_delay_loop
                0x00000ee4        0xc ./ra/fsp/src/bsp/mcu/all/bsp_delay.o
                0x00000ee4                bsp_prv_software_delay_loop
 .text.R_BSP_SoftwareDelay
                0x00000ef0       0x68 ./ra/fsp/src/bsp/mcu/all/bsp_delay.o
                0x00000ef0                R_BSP_SoftwareDelay
 .text.NMI_Handler
                0x00000f58       0x38 ./ra/fsp/src/bsp/mcu/all/bsp_group_irq.o
                0x00000f58                NMI_Handler
 .text.bsp_irq_cfg
                0x00000f90       0xa0 ./ra/fsp/src/bsp/mcu/all/bsp_irq.o
                0x00000f90                bsp_irq_cfg
 .text.R_BSP_RegisterProtectEnable
                0x00001030       0x60 ./ra/fsp/src/bsp/mcu/all/bsp_register_protection.o
                0x00001030                R_BSP_RegisterProtectEnable
 .text.R_BSP_RegisterProtectDisable
                0x00001090       0x54 ./ra/fsp/src/bsp/mcu/all/bsp_register_protection.o
                0x00001090                R_BSP_RegisterProtectDisable
 .text.Default_Handler
                0x000010e4        0x4 ./ra/fsp/src/bsp/cmsis/Device/RENESAS/Source/startup.o
                0x000010e4                DebugMon_Handler
                0x000010e4                HardFault_Handler
                0x000010e4                SysTick_Handler
                0x000010e4                PendSV_Handler
                0x000010e4                UsageFault_Handler
                0x000010e4                SecureFault_Handler
                0x000010e4                Default_Handler
                0x000010e4                MemManage_Handler
                0x000010e4                SVC_Handler
                0x000010e4                BusFault_Handler
 .text.Reset_Handler
                0x000010e8        0xc ./ra/fsp/src/bsp/cmsis/Device/RENESAS/Source/startup.o
                0x000010e8                Reset_Handler
 .text.SystemInit
                0x000010f4       0xc0 ./ra/fsp/src/bsp/cmsis/Device/RENESAS/Source/system.o
                0x000010f4                SystemInit
 .text.bsp_init
                0x000011b4        0x4 ./ra/board/ra6m4_ek/board_init.o
                0x000011b4                bsp_init
 .text.memcpy   0x000011b8       0x1a c:/renesas/ra/e2studio_v2022-04_fsp_v3.8.0/toolchains/gcc_arm/gcc-arm-none-eabi-10.3-2021.10/bin/../lib/gcc/arm-none-eabi/10.3.1/../../../../arm-none-eabi/lib/thumb/v8-m.main+fp/hard\libg_nano.a(lib_a-memcpy-stub.o)
                0x000011b8                memcpy
 .text.memset   0x000011d2       0x10 c:/renesas/ra/e2studio_v2022-04_fsp_v3.8.0/toolchains/gcc_arm/gcc-arm-none-eabi-10.3-2021.10/bin/../lib/gcc/arm-none-eabi/10.3.1/../../../../arm-none-eabi/lib/thumb/v8-m.main+fp/hard\libg_nano.a(lib_a-memset.o)
                0x000011d2                memset
 *(.version)
 *fill*         0x000011e2        0x2 ff
 .version       0x000011e4       0x50 ./ra/fsp/src/bsp/mcu/all/bsp_common.o
 *(.init)
 .init          0x00001234        0x4 c:/renesas/ra/e2studio_v2022-04_fsp_v3.8.0/toolchains/gcc_arm/gcc-arm-none-eabi-10.3-2021.10/bin/../lib/gcc/arm-none-eabi/10.3.1/thumb/v8-m.main+fp/hard/crti.o
                0x00001234                _init
 .init          0x00001238        0x8 c:/renesas/ra/e2studio_v2022-04_fsp_v3.8.0/toolchains/gcc_arm/gcc-arm-none-eabi-10.3-2021.10/bin/../lib/gcc/arm-none-eabi/10.3.1/thumb/v8-m.main+fp/hard/crtn.o
 *(.fini)
 .fini          0x00001240        0x4 c:/renesas/ra/e2studio_v2022-04_fsp_v3.8.0/toolchains/gcc_arm/gcc-arm-none-eabi-10.3-2021.10/bin/../lib/gcc/arm-none-eabi/10.3.1/thumb/v8-m.main+fp/hard/crti.o
                0x00001240                _fini
 .fini          0x00001244        0x8 c:/renesas/ra/e2studio_v2022-04_fsp_v3.8.0/toolchains/gcc_arm/gcc-arm-none-eabi-10.3-2021.10/bin/../lib/gcc/arm-none-eabi/10.3.1/thumb/v8-m.main+fp/hard/crtn.o
 *crtbegin.o(.ctors)
 *crtbegin?.o(.ctors)
 *(EXCLUDE_FILE(*crtend.o *crtend?.o) .ctors)
 *(SORT_BY_NAME(.ctors.*))
 *(.ctors)
 *crtbegin.o(.dtors)
 *crtbegin?.o(.dtors)
 *(EXCLUDE_FILE(*crtend.o *crtend?.o) .dtors)
 *(SORT_BY_NAME(.dtors.*))
 *(.dtors)
 *(.rodata*)
 .rodata.g_ioport
                0x0000124c        0xc ./ra_gen/common_data.o
                0x0000124c                g_ioport
 .rodata.g_uart4_cfg
                0x00001258       0x20 ./ra_gen/hal_data.o
                0x00001258                g_uart4_cfg
 .rodata.g_uart4_cfg_extend
                0x00001278       0x14 ./ra_gen/hal_data.o
                0x00001278                g_uart4_cfg_extend
 .rodata.g_bsp_pin_cfg
                0x0000128c        0x8 ./ra_gen/pin_data.o
                0x0000128c                g_bsp_pin_cfg
 .rodata.g_bsp_pin_cfg_data
                0x00001294      0x2a8 ./ra_gen/pin_data.o
                0x00001294                g_bsp_pin_cfg_data
 .rodata.g_interrupt_event_link_select
                0x0000153c       0xc0 ./ra_gen/vector_data.o
                0x0000153c                g_interrupt_event_link_select
 .rodata.g_ioport_on_ioport
                0x000015fc       0x38 ./ra/fsp/src/r_ioport/r_ioport.o
                0x000015fc                g_ioport_on_ioport
 .rodata.g_prcr_masks
                0x00001634        0x8 ./ra/fsp/src/bsp/mcu/all/bsp_register_protection.o
                0x0000163c                __usb_dev_descriptor_start_fs = .
 *(.usb_device_desc_fs*)
                0x0000163c                __usb_cfg_descriptor_start_fs = .
 *(.usb_config_desc_fs*)
                0x0000163c                __usb_interface_descriptor_start_fs = .
 *(.usb_interface_desc_fs*)
                0x0000163c                __usb_descriptor_end_fs = .
                0x0000163c                __usb_dev_descriptor_start_hs = .
 *(.usb_device_desc_hs*)
                0x0000163c                __usb_cfg_descriptor_start_hs = .
 *(.usb_config_desc_hs*)
                0x0000163c                __usb_interface_descriptor_start_hs = .
 *(.usb_interface_desc_hs*)
                0x0000163c                __usb_descriptor_end_hs = .
 *(.eh_frame*)
 .eh_frame      0x0000163c        0x0 c:/renesas/ra/e2studio_v2022-04_fsp_v3.8.0/toolchains/gcc_arm/gcc-arm-none-eabi-10.3-2021.10/bin/../lib/gcc/arm-none-eabi/10.3.1/thumb/v8-m.main+fp/hard/crtbegin.o
 .eh_frame      0x0000163c        0x4 c:/renesas/ra/e2studio_v2022-04_fsp_v3.8.0/toolchains/gcc_arm/gcc-arm-none-eabi-10.3-2021.10/bin/../lib/gcc/arm-none-eabi/10.3.1/thumb/v8-m.main+fp/hard/crtend.o
                0x00001640                __ROM_End = .
                0x000001c0                __Vectors_Size = (__Vectors_End - __Vectors)

.glue_7         0x00001640        0x0
 .glue_7        0x00001640        0x0 linker stubs

.glue_7t        0x00001640        0x0
 .glue_7t       0x00001640        0x0 linker stubs

.vfp11_veneer   0x00001640        0x0
 .vfp11_veneer  0x00001640        0x0 linker stubs

.v4_bx          0x00001640        0x0
 .v4_bx         0x00001640        0x0 linker stubs

.iplt           0x00001640        0x0
 .iplt          0x00001640        0x0 c:/renesas/ra/e2studio_v2022-04_fsp_v3.8.0/toolchains/gcc_arm/gcc-arm-none-eabi-10.3-2021.10/bin/../lib/gcc/arm-none-eabi/10.3.1/thumb/v8-m.main+fp/hard/crtbegin.o

.ARM.extab
 *(.ARM.extab* .gnu.linkonce.armextab.*)
                0x00001640                __exidx_start = .

.ARM.exidx
 *(.ARM.exidx* .gnu.linkonce.armexidx.*)
                0x00001640                __exidx_end = .
                0x00001640                __etext = .
                0x20000000                __tz_RAM_S = ORIGIN (RAM)

.fsp_dtc_vector_table
                0x20000000        0x0
                0x20000000                . = ORIGIN (RAM)
 *(.fsp_dtc_vector_table)

.data           0x20000000       0x64 load address 0x00001640
                0x20000000                __data_start__ = .
                0x20000000                . = ALIGN (0x4)
                0x20000000                __Code_In_RAM_Start = .
 *(.code_in_ram*)
                0x20000000                __Code_In_RAM_End = .
 *(vtable)
 *(.data.*)
 .data.graph_cmd
                0x20000000        0x8 ./src/bar_graph.o
                0x20000000                graph_cmd
 .data.input_voltage_command
                0x20000008       0x10 ./src/graph.o
                0x20000008                input_voltage_command
 .data.load_percent_command
                0x20000018       0x10 ./src/graph.o
                0x20000018                load_percent_command
 .data.output_voltage_command
                0x20000028       0x10 ./src/graph.o
                0x20000028                output_voltage_command
 .data.dwin_batt_percentage
                0x20000038        0x8 ./src/value.o
                0x20000038                dwin_batt_percentage
 .data.dwin_cmd_input_voltage
                0x20000040        0x8 ./src/value.o
                0x20000040                dwin_cmd_input_voltage
 .data.dwin_cmd_load_percentage
                0x20000048        0x8 ./src/value.o
                0x20000048                dwin_cmd_load_percentage
 .data.dwin_cmd_output_voltage
                0x20000050        0x8 ./src/value.o
                0x20000050                dwin_cmd_output_voltage
 .data.g_uart4_baud_setting
                0x20000058        0x4 ./ra_gen/hal_data.o
                0x20000058                g_uart4_baud_setting
 *(.data)
                0x2000005c                . = ALIGN (0x4)
                0x2000005c                PROVIDE (__preinit_array_start = .)
 *(.preinit_array)
                0x2000005c                PROVIDE (__preinit_array_end = .)
                0x2000005c                . = ALIGN (0x4)
                0x2000005c                PROVIDE (__init_array_start = .)
 *(SORT_BY_NAME(.init_array.*))
 *(.init_array)
 .init_array    0x2000005c        0x4 c:/renesas/ra/e2studio_v2022-04_fsp_v3.8.0/toolchains/gcc_arm/gcc-arm-none-eabi-10.3-2021.10/bin/../lib/gcc/arm-none-eabi/10.3.1/thumb/v8-m.main+fp/hard/crtbegin.o
                0x20000060                PROVIDE (__init_array_end = .)
                0x20000060                . = ALIGN (0x4)
                [!provide]                PROVIDE (__fini_array_start = .)
 *(SORT_BY_NAME(.fini_array.*))
 *(.fini_array)
 .fini_array    0x20000060        0x4 c:/renesas/ra/e2studio_v2022-04_fsp_v3.8.0/toolchains/gcc_arm/gcc-arm-none-eabi-10.3-2021.10/bin/../lib/gcc/arm-none-eabi/10.3.1/thumb/v8-m.main+fp/hard/crtbegin.o
                [!provide]                PROVIDE (__fini_array_end = .)
 *(.jcr*)
                0x20000064                . = ALIGN (0x4)
                0x20000064                __data_end__ = .
                0x000016a4                DATA_END = (LOADADDR (.data) + SIZEOF (.data))
                0x00001800                SGSTUBS_LOC = (DEFINED (PROJECT_SECURE) && DEFINED (FLASH_NSC_START))?ABSOLUTE (FLASH_NSC_START):ALIGN (DATA_END, 0x400)

.igot.plt       0x20000064        0x0 load address 0x000016a4
 .igot.plt      0x20000064        0x0 c:/renesas/ra/e2studio_v2022-04_fsp_v3.8.0/toolchains/gcc_arm/gcc-arm-none-eabi-10.3-2021.10/bin/../lib/gcc/arm-none-eabi/10.3.1/thumb/v8-m.main+fp/hard/crtbegin.o

.gnu.sgstubs    0x00001800        0x0
                0x00001800                __tz_FLASH_C = DEFINED (FLASH_NSC_START)?ABSOLUTE (FLASH_NSC_START):__RESERVE_NS_RAM?ABSOLUTE ((FLASH_START + FLASH_LENGTH)):ALIGN (0x400)
                0x00001800                _start_sg = .
 *(.gnu.sgstubs*)
                0x00001800                . = ALIGN (0x20)
                0x00001800                _end_sg = .
                0x00008000                __tz_FLASH_N = DEFINED (FLASH_NS_START)?ABSOLUTE (FLASH_NS_START):__RESERVE_NS_RAM?ABSOLUTE ((FLASH_START + FLASH_LENGTH)):(FLASH_LENGTH < 0x8000)?FLASH_LENGTH:ALIGN (0x8000)
                0x00008000                FLASH_NS_IMAGE_START = DEFINED (FLASH_NS_IMAGE_START)?FLASH_NS_IMAGE_START:__tz_FLASH_N
                0x60000000                __tz_QSPI_FLASH_S = ORIGIN (QSPI_FLASH)

.qspi_flash     0x60000000        0x0
                0x60000000                __qspi_flash_start__ = .
 *(.qspi_flash*)
 *(.code_in_qspi*)
                0x60000000                __qspi_flash_end__ = .
                0x00000000                __qspi_flash_code_size__ = (__qspi_flash_end__ - __qspi_flash_start__)
                0x000016a4                __qspi_flash_code_addr__ = (__etext + (__data_end__ - __data_start__))

.qspi_non_retentive
                0x60000000        0x0 load address 0x000016a4
                0x60000000                __qspi_non_retentive_start__ = .
 *(.qspi_non_retentive*)
                0x60000000                __qspi_non_retentive_end__ = .
                0x00000000                __qspi_non_retentive_size__ = (__qspi_non_retentive_end__ - __qspi_non_retentive_start__)
                0x04000000                __qspi_region_max_size__ = 0x4000000
                0x60000000                __qspi_region_start_address__ = __qspi_flash_start__
                0x64000000                __qspi_region_end_address__ = (__qspi_flash_start__ + __qspi_region_max_size__)
                0x60000000                __tz_QSPI_FLASH_N = __qspi_non_retentive_end__

.OSPI_DEVICE_0_NO_LOAD
                0x68000000        0x0
                0x68000000                . = ALIGN (0x4)
                0x68000000                __ospi_device_0_start__ = .
 *(.ospi_device_0_no_load*)
                0x68000000                . = ALIGN (0x4)
                0x68000000                __ospi_device_0_end__ = .

.OSPI_DEVICE_1_NO_LOAD
                0x70000000        0x0
                0x70000000                . = ALIGN (0x4)
                0x70000000                __ospi_device_1_start__ = .
 *(.ospi_device_1_no_load*)
                0x70000000                . = ALIGN (0x4)
                0x70000000                __ospi_device_1_end__ = .
                0x68000000                __tz_OSPI_DEVICE_0_S = ORIGIN (OSPI_DEVICE_0)

.OSPI_DEVICE_0  0x68000000        0x0
                0x68000000                __ospi_device_0_start__ = .
 *(.ospi_device_0*)
 *(.code_in_ospi_device_0*)
                0x68000000                __ospi_device_0_end__ = .
                0x00000000                __ospi_device_0_code_size__ = (__ospi_device_0_end__ - __ospi_device_0_start__)
                0x000016a4                __ospi_device_0_code_addr__ = (__etext + (__data_end__ - __data_start__))

.ospi_device_0_non_retentive
                0x68000000        0x0 load address 0x000016a4
                0x68000000                __ospi_device_0_non_retentive_start__ = .
 *(.ospi_device_0_non_retentive*)
                0x68000000                __ospi_device_0_non_retentive_end__ = .
                0x00000000                __ospi_device_0_non_retentive_size__ = (__ospi_device_0_non_retentive_end__ - __ospi_device_0_non_retentive_start__)
                0x08000000                __ospi_device_0_region_max_size__ = 0x8000000
                0x68000000                __ospi_device_0_region_start_address__ = __ospi_device_0_start__
                0x70000000                __ospi_device_0_region_end_address__ = (__ospi_device_0_start__ + __ospi_device_0_region_max_size__)
                0x68000000                __tz_OSPI_DEVICE_0_N = __ospi_device_0_non_retentive_end__
                0x70000000                __tz_OSPI_DEVICE_1_S = ORIGIN (OSPI_DEVICE_1)

.OSPI_DEVICE_1  0x70000000        0x0
                0x70000000                __ospi_device_1_start__ = .
 *(.ospi_device_1*)
 *(.code_in_ospi_device_1*)
                0x70000000                __ospi_device_1_end__ = .
                0x00000000                __ospi_device_1_code_size__ = (__ospi_device_1_end__ - __ospi_device_1_start__)
                0x000016a4                __ospi_device_1_code_addr__ = (__etext + (__data_end__ - __data_start__))

.ospi_device_1_non_retentive
                0x70000000        0x0 load address 0x000016a4
                0x70000000                __ospi_device_1_non_retentive_start__ = .
 *(.ospi_device_1_non_retentive*)
                0x70000000                __ospi_device_1_non_retentive_end__ = .
                0x00000000                __ospi_device_1_non_retentive_size__ = (__ospi_device_1_non_retentive_end__ - __ospi_device_1_non_retentive_start__)
                0x10000000                __ospi_device_1_region_max_size__ = 0x10000000
                0x70000000                __ospi_device_1_region_start_address__ = __ospi_device_1_start__
                0x80000000                __ospi_device_1_region_end_address__ = (__ospi_device_1_start__ + __ospi_device_1_region_max_size__)
                0x70000000                __tz_OSPI_DEVICE_1_N = __ospi_device_1_non_retentive_end__

.noinit         0x20000064       0x1c
                0x20000064                . = ALIGN (0x4)
                0x20000064                __noinit_start = .
 *(.noinit*)
 .noinit        0x20000064       0x1c ./ra/fsp/src/bsp/mcu/all/bsp_clocks.o
                0x20000080                . = ALIGN (0x8)
 *(.heap.*)
                0x20000080                __noinit_end = .

.bss            0x20000080      0x228
                0x20000080                . = ALIGN (0x4)
                0x20000080                __bss_start__ = .
 *(.bss*)
 .bss           0x20000080       0x1c c:/renesas/ra/e2studio_v2022-04_fsp_v3.8.0/toolchains/gcc_arm/gcc-arm-none-eabi-10.3-2021.10/bin/../lib/gcc/arm-none-eabi/10.3.1/thumb/v8-m.main+fp/hard/crtbegin.o
 .bss.num1      0x2000009c        0x1 ./src/graph.o
 .bss.num2      0x2000009d        0x1 ./src/graph.o
 .bss.uart_tx_complete
                0x2000009e        0x1 ./src/hal_entry.o
                0x2000009e                uart_tx_complete
 *fill*         0x2000009f        0x1 
 .bss.g_ioport_ctrl
                0x200000a0        0x8 ./ra_gen/common_data.o
                0x200000a0                g_ioport_ctrl
 .bss.g_uart4_ctrl
                0x200000a8       0x30 ./ra_gen/hal_data.o
                0x200000a8                g_uart4_ctrl
 .bss.g_bsp_group_irq_sources
                0x200000d8       0x40 ./ra/fsp/src/bsp/mcu/all/bsp_group_irq.o
                0x200000d8                g_bsp_group_irq_sources
 .bss.g_protect_pfswe_counter
                0x20000118        0x4 ./ra/fsp/src/bsp/mcu/all/bsp_io.o
                0x20000118                g_protect_pfswe_counter
 .bss.gp_renesas_isr_context
                0x2000011c      0x180 ./ra/fsp/src/bsp/mcu/all/bsp_irq.o
                0x2000011c                gp_renesas_isr_context
 .bss.g_protect_counters
                0x2000029c        0x8 ./ra/fsp/src/bsp/mcu/all/bsp_register_protection.o
                0x2000029c                g_protect_counters
 .bss.SystemCoreClock
                0x200002a4        0x4 ./ra/fsp/src/bsp/cmsis/Device/RENESAS/Source/system.o
                0x200002a4                SystemCoreClock
 *(COMMON)
                0x200002a8                . = ALIGN (0x4)
                0x200002a8                __bss_end__ = .

.heap           0x200002a8        0x0
                0x200002a8                . = ALIGN (0x8)
                0x200002a8                __HeapBase = .
 *(.heap)
                0x200002a8                __HeapLimit = .

.stack_dummy    0x200002a8      0x400
                0x200002a8                . = ALIGN (0x8)
                0x200002a8                __StackLimit = .
 *(.stack)
 .stack         0x200002a8      0x400 ./ra/fsp/src/bsp/cmsis/Device/RENESAS/Source/startup.o
                0x200006a8                __StackTop = .
 *(.stack*)
                0x200006a8                __StackTopAll = .
                0x200006a8                PROVIDE (__stack = __StackTopAll)
                0x200006a8                __RAM_segment_used_end__ = ALIGN (__StackTopAll, 0x4)
                0x20000800                __tz_RAM_C = DEFINED (RAM_NSC_START)?ABSOLUTE (RAM_NSC_START):__RESERVE_NS_RAM?ABSOLUTE (RAM_NS_BUFFER_BLOCK_START):ALIGN (__RAM_segment_used_end__, 0x400)
                0x20002000                __tz_RAM_N = DEFINED (RAM_NS_START)?ABSOLUTE (RAM_NS_START):__RESERVE_NS_RAM?ABSOLUTE (RAM_NS_BUFFER_BLOCK_START):ALIGN (__tz_RAM_C, 0x2000)

.ns_buffer      0x200006a8        0x0
                0x200006a8                . = __RESERVE_NS_RAM?ABSOLUTE ((RAM_NS_BUFFER_START & 0xffffffe0)):.
 *(.ns_buffer*)

.data_flash     0x08000000        0x0
                0x08000000                . = ORIGIN (DATA_FLASH)
                0x08000000                __tz_DATA_FLASH_S = .
                0x08000000                __Data_Flash_Start = .
 *(.data_flash*)
                0x08000000                __Data_Flash_End = .
                0x08000000                __tz_DATA_FLASH_N = DEFINED (DATA_FLASH_NS_START)?ABSOLUTE (DATA_FLASH_NS_START):__RESERVE_NS_RAM?ABSOLUTE ((DATA_FLASH_START + DATA_FLASH_LENGTH)):ALIGN (0x400)
                0x90000000                __tz_SDRAM_S = ORIGIN (SDRAM)

.sdram          0x90000000        0x0
                0x90000000                __SDRAM_Start = .
 *(.sdram*)
 *(.frame*)
                0x90000000                __SDRAM_End = .
                0x90000000                __tz_SDRAM_N = __SDRAM_End
                0x00000000                __tz_ID_CODE_S = ORIGIN (ID_CODE)

.id_code        0x00000000        0x0
                0x00000000                __ID_Code_Start = .
 *(.id_code*)
                0x00000000                __ID_Code_End = .
                0x00000000                __tz_ID_CODE_N = __ID_Code_End
                0x0100a100                __tz_OPTION_SETTING_S = ORIGIN (OPTION_SETTING)

.option_setting
                0x0100a100       0x38
                0x0100a100                __OPTION_SETTING_Start = .
 *(.option_setting_ofs0)
 .option_setting_ofs0
                0x0100a100        0x4 ./ra/fsp/src/bsp/mcu/all/bsp_rom_registers.o
                0x0100a110                . = PROJECT_SECURE_OR_FLAT?(__OPTION_SETTING_Start + 0x10):__OPTION_SETTING_Start
 *fill*         0x0100a104        0xc ff
 *(.option_setting_dualsel)
 .option_setting_dualsel
                0x0100a110        0x4 ./ra/fsp/src/bsp/mcu/all/bsp_rom_registers.o
                0x0100a134                . = PROJECT_SECURE_OR_FLAT?(__OPTION_SETTING_Start + 0x34):__OPTION_SETTING_Start
 *fill*         0x0100a114       0x20 ff
 *(.option_setting_sas)
 .option_setting_sas
                0x0100a134        0x4 ./ra/fsp/src/bsp/mcu/all/bsp_rom_registers.o
                0x0100a138                __OPTION_SETTING_End = .
                0x0100a180                __tz_OPTION_SETTING_N = OPTION_SETTING_START_NS

.option_setting_ns
                0x0100a138        0x0
                0x0100a138                __OPTION_SETTING_NS_Start = .
 *(.option_setting_ofs1)
                0x0100a138                . = USE_OPTION_SETTING_NS?(__OPTION_SETTING_NS_Start + 0x10):__OPTION_SETTING_NS_Start
 *(.option_setting_banksel)
                0x0100a138                . = USE_OPTION_SETTING_NS?(__OPTION_SETTING_NS_Start + 0x40):__OPTION_SETTING_NS_Start
 *(.option_setting_bps0)
                0x0100a138                . = USE_OPTION_SETTING_NS?(__OPTION_SETTING_NS_Start + 0x44):__OPTION_SETTING_NS_Start
 *(.option_setting_bps1)
                0x0100a138                . = USE_OPTION_SETTING_NS?(__OPTION_SETTING_NS_Start + 0x48):__OPTION_SETTING_NS_Start
 *(.option_setting_bps2)
                0x0100a138                . = USE_OPTION_SETTING_NS?(__OPTION_SETTING_NS_Start + 0x60):__OPTION_SETTING_NS_Start
 *(.option_setting_pbps0)
                0x0100a138                . = USE_OPTION_SETTING_NS?(__OPTION_SETTING_NS_Start + 0x64):__OPTION_SETTING_NS_Start
 *(.option_setting_pbps1)
                0x0100a138                . = USE_OPTION_SETTING_NS?(__OPTION_SETTING_NS_Start + 0x68):__OPTION_SETTING_NS_Start
 *(.option_setting_pbps2)
                0x0100a138                __OPTION_SETTING_NS_End = .
                0x0100a200                __tz_OPTION_SETTING_S_S = ORIGIN (OPTION_SETTING_S)

.option_setting_s
                0x0100a200       0xcc
                0x0100a200                __OPTION_SETTING_S_Start = .
 *(.option_setting_ofs1_sec)
 .option_setting_ofs1_sec
                0x0100a200        0x4 ./ra/fsp/src/bsp/mcu/all/bsp_rom_registers.o
                0x0100a210                . = PROJECT_SECURE_OR_FLAT?(__OPTION_SETTING_S_Start + 0x10):__OPTION_SETTING_S_Start
 *fill*         0x0100a204        0xc ff
 *(.option_setting_banksel_sec)
 .option_setting_banksel_sec
                0x0100a210        0x4 ./ra/fsp/src/bsp/mcu/all/bsp_rom_registers.o
                0x0100a240                . = PROJECT_SECURE_OR_FLAT?(__OPTION_SETTING_S_Start + 0x40):__OPTION_SETTING_S_Start
 *fill*         0x0100a214       0x2c ff
 *(.option_setting_bps_sec0)
 .option_setting_bps_sec0
                0x0100a240        0x4 ./ra/fsp/src/bsp/mcu/all/bsp_rom_registers.o
                0x0100a244                . = PROJECT_SECURE_OR_FLAT?(__OPTION_SETTING_S_Start + 0x44):__OPTION_SETTING_S_Start
 *(.option_setting_bps_sec1)
 .option_setting_bps_sec1
                0x0100a244        0x4 ./ra/fsp/src/bsp/mcu/all/bsp_rom_registers.o
                0x0100a248                . = PROJECT_SECURE_OR_FLAT?(__OPTION_SETTING_S_Start + 0x48):__OPTION_SETTING_S_Start
 *(.option_setting_bps_sec2)
 .option_setting_bps_sec2
                0x0100a248        0x4 ./ra/fsp/src/bsp/mcu/all/bsp_rom_registers.o
                0x0100a260                . = PROJECT_SECURE_OR_FLAT?(__OPTION_SETTING_S_Start + 0x60):__OPTION_SETTING_S_Start
 *fill*         0x0100a24c       0x14 ff
 *(.option_setting_pbps_sec0)
 .option_setting_pbps_sec0
                0x0100a260        0x4 ./ra/fsp/src/bsp/mcu/all/bsp_rom_registers.o
                0x0100a264                . = PROJECT_SECURE_OR_FLAT?(__OPTION_SETTING_S_Start + 0x64):__OPTION_SETTING_S_Start
 *(.option_setting_pbps_sec1)
 .option_setting_pbps_sec1
                0x0100a264        0x4 ./ra/fsp/src/bsp/mcu/all/bsp_rom_registers.o
                0x0100a268                . = PROJECT_SECURE_OR_FLAT?(__OPTION_SETTING_S_Start + 0x68):__OPTION_SETTING_S_Start
 *(.option_setting_pbps_sec2)
 .option_setting_pbps_sec2
                0x0100a268        0x4 ./ra/fsp/src/bsp/mcu/all/bsp_rom_registers.o
                0x0100a280                . = PROJECT_SECURE_OR_FLAT?(__OPTION_SETTING_S_Start + 0x80):__OPTION_SETTING_S_Start
 *fill*         0x0100a26c       0x14 ff
 *(.option_setting_ofs1_sel)
 .option_setting_ofs1_sel
                0x0100a280        0x4 ./ra/fsp/src/bsp/mcu/all/bsp_rom_registers.o
                0x0100a290                . = PROJECT_SECURE_OR_FLAT?(__OPTION_SETTING_S_Start + 0x90):__OPTION_SETTING_S_Start
 *fill*         0x0100a284        0xc ff
 *(.option_setting_banksel_sel)
 .option_setting_banksel_sel
                0x0100a290        0x4 ./ra/fsp/src/bsp/mcu/all/bsp_rom_registers.o
                0x0100a2c0                . = PROJECT_SECURE_OR_FLAT?(__OPTION_SETTING_S_Start + 0xc0):__OPTION_SETTING_S_Start
 *fill*         0x0100a294       0x2c ff
 *(.option_setting_bps_sel0)
 .option_setting_bps_sel0
                0x0100a2c0        0x4 ./ra/fsp/src/bsp/mcu/all/bsp_rom_registers.o
                0x0100a2c4                . = PROJECT_SECURE_OR_FLAT?(__OPTION_SETTING_S_Start + 0xc4):__OPTION_SETTING_S_Start
 *(.option_setting_bps_sel1)
 .option_setting_bps_sel1
                0x0100a2c4        0x4 ./ra/fsp/src/bsp/mcu/all/bsp_rom_registers.o
                0x0100a2c8                . = PROJECT_SECURE_OR_FLAT?(__OPTION_SETTING_S_Start + 0xc8):__OPTION_SETTING_S_Start
 *(.option_setting_bps_sel2)
 .option_setting_bps_sel2
                0x0100a2c8        0x4 ./ra/fsp/src/bsp/mcu/all/bsp_rom_registers.o
                0x0100a2cc                __OPTION_SETTING_S_End = .
                0x0100a2cc                __tz_OPTION_SETTING_S_N = __OPTION_SETTING_S_End
OUTPUT(inverter_display.elf elf32-littlearm)
LOAD linker stubs

.rel.dyn        0x0100a2cc        0x0
 .rel.iplt      0x0100a2cc        0x0 c:/renesas/ra/e2studio_v2022-04_fsp_v3.8.0/toolchains/gcc_arm/gcc-arm-none-eabi-10.3-2021.10/bin/../lib/gcc/arm-none-eabi/10.3.1/thumb/v8-m.main+fp/hard/crtbegin.o

.ARM.attributes
                0x00000000       0x36
 .ARM.attributes
                0x00000000       0x22 c:/renesas/ra/e2studio_v2022-04_fsp_v3.8.0/toolchains/gcc_arm/gcc-arm-none-eabi-10.3-2021.10/bin/../lib/gcc/arm-none-eabi/10.3.1/thumb/v8-m.main+fp/hard/crti.o
 .ARM.attributes
                0x00000022       0x38 c:/renesas/ra/e2studio_v2022-04_fsp_v3.8.0/toolchains/gcc_arm/gcc-arm-none-eabi-10.3-2021.10/bin/../lib/gcc/arm-none-eabi/10.3.1/thumb/v8-m.main+fp/hard/crtbegin.o
 .ARM.attributes
                0x0000005a       0x3a ./src/bar_graph.o
 .ARM.attributes
                0x00000094       0x3a ./src/graph.o
 .ARM.attributes
                0x000000ce       0x3a ./src/hal_entry.o
 .ARM.attributes
                0x00000108       0x3a ./src/value.o
 .ARM.attributes
                0x00000142       0x3a ./ra_gen/common_data.o
 .ARM.attributes
                0x0000017c       0x3a ./ra_gen/hal_data.o
 .ARM.attributes
                0x000001b6       0x3a ./ra_gen/main.o
 .ARM.attributes
                0x000001f0       0x3a ./ra_gen/pin_data.o
 .ARM.attributes
                0x0000022a       0x3a ./ra_gen/vector_data.o
 .ARM.attributes
                0x00000264       0x3a ./ra/fsp/src/r_sci_uart/r_sci_uart.o
 .ARM.attributes
                0x0000029e       0x3a ./ra/fsp/src/r_ioport/r_ioport.o
 .ARM.attributes
                0x000002d8       0x3a ./ra/fsp/src/bsp/mcu/all/bsp_clocks.o
 .ARM.attributes
                0x00000312       0x3a ./ra/fsp/src/bsp/mcu/all/bsp_common.o
 .ARM.attributes
                0x0000034c       0x3a ./ra/fsp/src/bsp/mcu/all/bsp_delay.o
 .ARM.attributes
                0x00000386       0x3a ./ra/fsp/src/bsp/mcu/all/bsp_group_irq.o
 .ARM.attributes
                0x000003c0       0x3a ./ra/fsp/src/bsp/mcu/all/bsp_io.o
 .ARM.attributes
                0x000003fa       0x3a ./ra/fsp/src/bsp/mcu/all/bsp_irq.o
 .ARM.attributes
                0x00000434       0x3a ./ra/fsp/src/bsp/mcu/all/bsp_register_protection.o
 .ARM.attributes
                0x0000046e       0x3a ./ra/fsp/src/bsp/mcu/all/bsp_rom_registers.o
 .ARM.attributes
                0x000004a8       0x3a ./ra/fsp/src/bsp/cmsis/Device/RENESAS/Source/startup.o
 .ARM.attributes
                0x000004e2       0x3a ./ra/fsp/src/bsp/cmsis/Device/RENESAS/Source/system.o
 .ARM.attributes
                0x0000051c       0x3a ./ra/board/ra6m4_ek/board_init.o
 .ARM.attributes
                0x00000556       0x38 c:/renesas/ra/e2studio_v2022-04_fsp_v3.8.0/toolchains/gcc_arm/gcc-arm-none-eabi-10.3-2021.10/bin/../lib/gcc/arm-none-eabi/10.3.1/../../../../arm-none-eabi/lib/thumb/v8-m.main+fp/hard\libg_nano.a(lib_a-memcpy-stub.o)
 .ARM.attributes
                0x0000058e       0x38 c:/renesas/ra/e2studio_v2022-04_fsp_v3.8.0/toolchains/gcc_arm/gcc-arm-none-eabi-10.3-2021.10/bin/../lib/gcc/arm-none-eabi/10.3.1/../../../../arm-none-eabi/lib/thumb/v8-m.main+fp/hard\libg_nano.a(lib_a-memset.o)
 .ARM.attributes
                0x000005c6       0x38 c:/renesas/ra/e2studio_v2022-04_fsp_v3.8.0/toolchains/gcc_arm/gcc-arm-none-eabi-10.3-2021.10/bin/../lib/gcc/arm-none-eabi/10.3.1/thumb/v8-m.main+fp/hard/crtend.o
 .ARM.attributes
                0x000005fe       0x22 c:/renesas/ra/e2studio_v2022-04_fsp_v3.8.0/toolchains/gcc_arm/gcc-arm-none-eabi-10.3-2021.10/bin/../lib/gcc/arm-none-eabi/10.3.1/thumb/v8-m.main+fp/hard/crtn.o

.comment        0x00000000       0x49
 .comment       0x00000000       0x49 ./src/bar_graph.o
                                 0x4a (size before relaxing)
 .comment       0x00000049       0x4a ./src/graph.o
 .comment       0x00000049       0x4a ./src/hal_entry.o
 .comment       0x00000049       0x4a ./src/value.o
 .comment       0x00000049       0x4a ./ra_gen/common_data.o
 .comment       0x00000049       0x4a ./ra_gen/hal_data.o
 .comment       0x00000049       0x4a ./ra_gen/main.o
 .comment       0x00000049       0x4a ./ra_gen/pin_data.o
 .comment       0x00000049       0x4a ./ra_gen/vector_data.o
 .comment       0x00000049       0x4a ./ra/fsp/src/r_sci_uart/r_sci_uart.o
 .comment       0x00000049       0x4a ./ra/fsp/src/r_ioport/r_ioport.o
 .comment       0x00000049       0x4a ./ra/fsp/src/bsp/mcu/all/bsp_clocks.o
 .comment       0x00000049       0x4a ./ra/fsp/src/bsp/mcu/all/bsp_common.o
 .comment       0x00000049       0x4a ./ra/fsp/src/bsp/mcu/all/bsp_delay.o
 .comment       0x00000049       0x4a ./ra/fsp/src/bsp/mcu/all/bsp_group_irq.o
 .comment       0x00000049       0x4a ./ra/fsp/src/bsp/mcu/all/bsp_io.o
 .comment       0x00000049       0x4a ./ra/fsp/src/bsp/mcu/all/bsp_irq.o
 .comment       0x00000049       0x4a ./ra/fsp/src/bsp/mcu/all/bsp_register_protection.o
 .comment       0x00000049       0x4a ./ra/fsp/src/bsp/mcu/all/bsp_rom_registers.o
 .comment       0x00000049       0x4a ./ra/fsp/src/bsp/cmsis/Device/RENESAS/Source/startup.o
 .comment       0x00000049       0x4a ./ra/fsp/src/bsp/cmsis/Device/RENESAS/Source/system.o
 .comment       0x00000049       0x4a ./ra/board/ra6m4_ek/board_init.o

.debug_info     0x00000000    0x2e824
 .debug_info    0x00000000     0x2eae ./src/bar_graph.o
 .debug_info    0x00002eae     0x2fd5 ./src/graph.o
 .debug_info    0x00005e83     0x3477 ./src/hal_entry.o
 .debug_info    0x000092fa     0x300e ./src/value.o
 .debug_info    0x0000c308     0x1244 ./ra_gen/common_data.o
 .debug_info    0x0000d54c     0x349e ./ra_gen/hal_data.o
 .debug_info    0x000109ea       0xaa ./ra_gen/main.o
 .debug_info    0x00010a94      0x9e1 ./ra_gen/pin_data.o
 .debug_info    0x00011475      0x7e1 ./ra_gen/vector_data.o
 .debug_info    0x00011c56     0x9852 ./ra/fsp/src/r_sci_uart/r_sci_uart.o
 .debug_info    0x0001b4a8     0x69d4 ./ra/fsp/src/r_ioport/r_ioport.o
 .debug_info    0x00021e7c     0x46b8 ./ra/fsp/src/bsp/mcu/all/bsp_clocks.o
 .debug_info    0x00026534      0x906 ./ra/fsp/src/bsp/mcu/all/bsp_common.o
 .debug_info    0x00026e3a      0x1d8 ./ra/fsp/src/bsp/mcu/all/bsp_delay.o
 .debug_info    0x00027012     0x1385 ./ra/fsp/src/bsp/mcu/all/bsp_group_irq.o
 .debug_info    0x00028397       0xaa ./ra/fsp/src/bsp/mcu/all/bsp_io.o
 .debug_info    0x00028441     0x1c9d ./ra/fsp/src/bsp/mcu/all/bsp_irq.o
 .debug_info    0x0002a0de     0x3ac8 ./ra/fsp/src/bsp/mcu/all/bsp_register_protection.o
 .debug_info    0x0002dba6      0x1af ./ra/fsp/src/bsp/mcu/all/bsp_rom_registers.o
 .debug_info    0x0002dd55      0x148 ./ra/fsp/src/bsp/cmsis/Device/RENESAS/Source/startup.o
 .debug_info    0x0002de9d      0x8ea ./ra/fsp/src/bsp/cmsis/Device/RENESAS/Source/system.o
 .debug_info    0x0002e787       0x9d ./ra/board/ra6m4_ek/board_init.o

.debug_abbrev   0x00000000     0x2bdd
 .debug_abbrev  0x00000000      0x279 ./src/bar_graph.o
 .debug_abbrev  0x00000279      0x2aa ./src/graph.o
 .debug_abbrev  0x00000523      0x2e8 ./src/hal_entry.o
 .debug_abbrev  0x0000080b      0x299 ./src/value.o
 .debug_abbrev  0x00000aa4      0x150 ./ra_gen/common_data.o
 .debug_abbrev  0x00000bf4      0x27d ./ra_gen/hal_data.o
 .debug_abbrev  0x00000e71       0x66 ./ra_gen/main.o
 .debug_abbrev  0x00000ed7       0xdc ./ra_gen/pin_data.o
 .debug_abbrev  0x00000fb3       0xa7 ./ra_gen/vector_data.o
 .debug_abbrev  0x0000105a      0x5bd ./ra/fsp/src/r_sci_uart/r_sci_uart.o
 .debug_abbrev  0x00001617      0x428 ./ra/fsp/src/r_ioport/r_ioport.o
 .debug_abbrev  0x00001a3f      0x383 ./ra/fsp/src/bsp/mcu/all/bsp_clocks.o
 .debug_abbrev  0x00001dc2      0x188 ./ra/fsp/src/bsp/mcu/all/bsp_common.o
 .debug_abbrev  0x00001f4a      0x111 ./ra/fsp/src/bsp/mcu/all/bsp_delay.o
 .debug_abbrev  0x0000205b      0x254 ./ra/fsp/src/bsp/mcu/all/bsp_group_irq.o
 .debug_abbrev  0x000022af       0x5e ./ra/fsp/src/bsp/mcu/all/bsp_io.o
 .debug_abbrev  0x0000230d      0x251 ./ra/fsp/src/bsp/mcu/all/bsp_irq.o
 .debug_abbrev  0x0000255e      0x277 ./ra/fsp/src/bsp/mcu/all/bsp_register_protection.o
 .debug_abbrev  0x000027d5       0x4d ./ra/fsp/src/bsp/mcu/all/bsp_rom_registers.o
 .debug_abbrev  0x00002822       0xe6 ./ra/fsp/src/bsp/cmsis/Device/RENESAS/Source/startup.o
 .debug_abbrev  0x00002908      0x279 ./ra/fsp/src/bsp/cmsis/Device/RENESAS/Source/system.o
 .debug_abbrev  0x00002b81       0x5c ./ra/board/ra6m4_ek/board_init.o

.debug_aranges  0x00000000      0x430
 .debug_aranges
                0x00000000       0x20 ./src/bar_graph.o
 .debug_aranges
                0x00000020       0x30 ./src/graph.o
 .debug_aranges
                0x00000050       0x30 ./src/hal_entry.o
 .debug_aranges
                0x00000080       0x38 ./src/value.o
 .debug_aranges
                0x000000b8       0x20 ./ra_gen/common_data.o
 .debug_aranges
                0x000000d8       0x20 ./ra_gen/hal_data.o
 .debug_aranges
                0x000000f8       0x20 ./ra_gen/main.o
 .debug_aranges
                0x00000118       0x18 ./ra_gen/pin_data.o
 .debug_aranges
                0x00000130       0x18 ./ra_gen/vector_data.o
 .debug_aranges
                0x00000148       0x90 ./ra/fsp/src/r_sci_uart/r_sci_uart.o
 .debug_aranges
                0x000001d8       0x98 ./ra/fsp/src/r_ioport/r_ioport.o
 .debug_aranges
                0x00000270       0x58 ./ra/fsp/src/bsp/mcu/all/bsp_clocks.o
 .debug_aranges
                0x000002c8       0x30 ./ra/fsp/src/bsp/mcu/all/bsp_common.o
 .debug_aranges
                0x000002f8       0x28 ./ra/fsp/src/bsp/mcu/all/bsp_delay.o
 .debug_aranges
                0x00000320       0x28 ./ra/fsp/src/bsp/mcu/all/bsp_group_irq.o
 .debug_aranges
                0x00000348       0x18 ./ra/fsp/src/bsp/mcu/all/bsp_io.o
 .debug_aranges
                0x00000360       0x20 ./ra/fsp/src/bsp/mcu/all/bsp_irq.o
 .debug_aranges
                0x00000380       0x28 ./ra/fsp/src/bsp/mcu/all/bsp_register_protection.o
 .debug_aranges
                0x000003a8       0x18 ./ra/fsp/src/bsp/mcu/all/bsp_rom_registers.o
 .debug_aranges
                0x000003c0       0x28 ./ra/fsp/src/bsp/cmsis/Device/RENESAS/Source/startup.o
 .debug_aranges
                0x000003e8       0x28 ./ra/fsp/src/bsp/cmsis/Device/RENESAS/Source/system.o
 .debug_aranges
                0x00000410       0x20 ./ra/board/ra6m4_ek/board_init.o

.debug_ranges   0x00000000      0xb88
 .debug_ranges  0x00000000       0x10 ./src/bar_graph.o
 .debug_ranges  0x00000010       0x20 ./src/graph.o
 .debug_ranges  0x00000030       0x20 ./src/hal_entry.o
 .debug_ranges  0x00000050       0x28 ./src/value.o
 .debug_ranges  0x00000078       0x10 ./ra_gen/common_data.o
 .debug_ranges  0x00000088       0x10 ./ra_gen/hal_data.o
 .debug_ranges  0x00000098       0x10 ./ra_gen/main.o
 .debug_ranges  0x000000a8      0x6f0 ./ra/fsp/src/r_sci_uart/r_sci_uart.o
 .debug_ranges  0x00000798      0x160 ./ra/fsp/src/r_ioport/r_ioport.o
 .debug_ranges  0x000008f8      0x110 ./ra/fsp/src/bsp/mcu/all/bsp_clocks.o
 .debug_ranges  0x00000a08       0x20 ./ra/fsp/src/bsp/mcu/all/bsp_common.o
 .debug_ranges  0x00000a28       0x18 ./ra/fsp/src/bsp/mcu/all/bsp_delay.o
 .debug_ranges  0x00000a40       0x58 ./ra/fsp/src/bsp/mcu/all/bsp_group_irq.o
 .debug_ranges  0x00000a98       0x68 ./ra/fsp/src/bsp/mcu/all/bsp_irq.o
 .debug_ranges  0x00000b00       0x48 ./ra/fsp/src/bsp/mcu/all/bsp_register_protection.o
 .debug_ranges  0x00000b48       0x18 ./ra/fsp/src/bsp/cmsis/Device/RENESAS/Source/startup.o
 .debug_ranges  0x00000b60       0x18 ./ra/fsp/src/bsp/cmsis/Device/RENESAS/Source/system.o
 .debug_ranges  0x00000b78       0x10 ./ra/board/ra6m4_ek/board_init.o

.debug_line     0x00000000     0x68e8
 .debug_line    0x00000000      0x42e ./src/bar_graph.o
 .debug_line    0x0000042e      0x4c7 ./src/graph.o
 .debug_line    0x000008f5      0x66a ./src/hal_entry.o
 .debug_line    0x00000f5f      0x4c9 ./src/value.o
 .debug_line    0x00001428      0x39c ./ra_gen/common_data.o
 .debug_line    0x000017c4      0x3ed ./ra_gen/hal_data.o
 .debug_line    0x00001bb1       0x5e ./ra_gen/main.o
 .debug_line    0x00001c0f      0x228 ./ra_gen/pin_data.o
 .debug_line    0x00001e37      0x129 ./ra_gen/vector_data.o
 .debug_line    0x00001f60     0x1743 ./ra/fsp/src/r_sci_uart/r_sci_uart.o
 .debug_line    0x000036a3      0xccd ./ra/fsp/src/r_ioport/r_ioport.o
 .debug_line    0x00004370      0x83f ./ra/fsp/src/bsp/mcu/all/bsp_clocks.o
 .debug_line    0x00004baf      0x2d9 ./ra/fsp/src/bsp/mcu/all/bsp_common.o
 .debug_line    0x00004e88      0x314 ./ra/fsp/src/bsp/mcu/all/bsp_delay.o
 .debug_line    0x0000519c      0x381 ./ra/fsp/src/bsp/mcu/all/bsp_group_irq.o
 .debug_line    0x0000551d      0x1c7 ./ra/fsp/src/bsp/mcu/all/bsp_io.o
 .debug_line    0x000056e4      0x4c9 ./ra/fsp/src/bsp/mcu/all/bsp_irq.o
 .debug_line    0x00005bad      0x430 ./ra/fsp/src/bsp/mcu/all/bsp_register_protection.o
 .debug_line    0x00005fdd      0x161 ./ra/fsp/src/bsp/mcu/all/bsp_rom_registers.o
 .debug_line    0x0000613e      0x24b ./ra/fsp/src/bsp/cmsis/Device/RENESAS/Source/startup.o
 .debug_line    0x00006389      0x505 ./ra/fsp/src/bsp/cmsis/Device/RENESAS/Source/system.o
 .debug_line    0x0000688e       0x5a ./ra/board/ra6m4_ek/board_init.o

.debug_str      0x00000000     0xa315
 .debug_str     0x00000000     0x3b9d ./src/bar_graph.o
                               0x3cb2 (size before relaxing)
 .debug_str     0x00003b9d      0x124 ./src/graph.o
                               0x3d9c (size before relaxing)
 .debug_str     0x00003cc1      0x539 ./src/hal_entry.o
                               0x429d (size before relaxing)
 .debug_str     0x000041fa       0x6c ./src/value.o
                               0x3dc7 (size before relaxing)
 .debug_str     0x00004266       0x47 ./ra_gen/common_data.o
                               0x3268 (size before relaxing)
 .debug_str     0x000042ad      0x5ae ./ra_gen/hal_data.o
                               0x4283 (size before relaxing)
 .debug_str     0x0000485b       0x16 ./ra_gen/main.o
                                0x1d1 (size before relaxing)
 .debug_str     0x00004871      0x5d6 ./ra_gen/pin_data.o
                               0x1ce7 (size before relaxing)
 .debug_str     0x00004e47     0x199a ./ra_gen/vector_data.o
                               0x1b4b (size before relaxing)
 .debug_str     0x000067e1     0x20e9 ./ra/fsp/src/r_sci_uart/r_sci_uart.o
                               0x6409 (size before relaxing)
 .debug_str     0x000088ca      0x8c8 ./ra/fsp/src/r_ioport/r_ioport.o
                               0x54fb (size before relaxing)
 .debug_str     0x00009192      0x685 ./ra/fsp/src/bsp/mcu/all/bsp_clocks.o
                               0x1f6a (size before relaxing)
 .debug_str     0x00009817      0x10b ./ra/fsp/src/bsp/mcu/all/bsp_common.o
                               0x1a7a (size before relaxing)
 .debug_str     0x00009922       0xbc ./ra/fsp/src/bsp/mcu/all/bsp_delay.o
                                0x300 (size before relaxing)
 .debug_str     0x000099de      0x1de ./ra/fsp/src/bsp/mcu/all/bsp_group_irq.o
                               0x1f85 (size before relaxing)
 .debug_str     0x00009bbc       0x23 ./ra/fsp/src/bsp/mcu/all/bsp_io.o
                                0x200 (size before relaxing)
 .debug_str     0x00009bdf      0x2d9 ./ra/fsp/src/bsp/mcu/all/bsp_irq.o
                               0x2365 (size before relaxing)
 .debug_str     0x00009eb8       0x88 ./ra/fsp/src/bsp/mcu/all/bsp_register_protection.o
                               0x1902 (size before relaxing)
 .debug_str     0x00009f40      0x15d ./ra/fsp/src/bsp/mcu/all/bsp_rom_registers.o
                                0x322 (size before relaxing)
 .debug_str     0x0000a09d       0x82 ./ra/fsp/src/bsp/cmsis/Device/RENESAS/Source/startup.o
                                0x24a (size before relaxing)
 .debug_str     0x0000a11f      0x1d4 ./ra/fsp/src/bsp/cmsis/Device/RENESAS/Source/system.o
                                0x639 (size before relaxing)
 .debug_str     0x0000a2f3       0x22 ./ra/board/ra6m4_ek/board_init.o
                                0x1e3 (size before relaxing)

.debug_frame    0x00000000      0x7e4
 .debug_frame   0x00000000       0x20 ./src/bar_graph.o
 .debug_frame   0x00000020       0x64 ./src/graph.o
 .debug_frame   0x00000084       0x48 ./src/hal_entry.o
 .debug_frame   0x000000cc       0x80 ./src/value.o
 .debug_frame   0x0000014c       0x20 ./ra_gen/common_data.o
 .debug_frame   0x0000016c       0x20 ./ra_gen/hal_data.o
 .debug_frame   0x0000018c       0x28 ./ra_gen/main.o
 .debug_frame   0x000001b4      0x1d4 ./ra/fsp/src/r_sci_uart/r_sci_uart.o
 .debug_frame   0x00000388      0x18c ./ra/fsp/src/r_ioport/r_ioport.o
 .debug_frame   0x00000514       0xb4 ./ra/fsp/src/bsp/mcu/all/bsp_clocks.o
 .debug_frame   0x000005c8       0x40 ./ra/fsp/src/bsp/mcu/all/bsp_common.o
 .debug_frame   0x00000608       0x44 ./ra/fsp/src/bsp/mcu/all/bsp_delay.o
 .debug_frame   0x0000064c       0x3c ./ra/fsp/src/bsp/mcu/all/bsp_group_irq.o
 .debug_frame   0x00000688       0x30 ./ra/fsp/src/bsp/mcu/all/bsp_irq.o
 .debug_frame   0x000006b8       0x48 ./ra/fsp/src/bsp/mcu/all/bsp_register_protection.o
 .debug_frame   0x00000700       0x38 ./ra/fsp/src/bsp/cmsis/Device/RENESAS/Source/startup.o
 .debug_frame   0x00000738       0x44 ./ra/fsp/src/bsp/cmsis/Device/RENESAS/Source/system.o
 .debug_frame   0x0000077c       0x20 ./ra/board/ra6m4_ek/board_init.o
 .debug_frame   0x0000079c       0x28 c:/renesas/ra/e2studio_v2022-04_fsp_v3.8.0/toolchains/gcc_arm/gcc-arm-none-eabi-10.3-2021.10/bin/../lib/gcc/arm-none-eabi/10.3.1/../../../../arm-none-eabi/lib/thumb/v8-m.main+fp/hard\libg_nano.a(lib_a-memcpy-stub.o)
 .debug_frame   0x000007c4       0x20 c:/renesas/ra/e2studio_v2022-04_fsp_v3.8.0/toolchains/gcc_arm/gcc-arm-none-eabi-10.3-2021.10/bin/../lib/gcc/arm-none-eabi/10.3.1/../../../../arm-none-eabi/lib/thumb/v8-m.main+fp/hard\libg_nano.a(lib_a-memset.o)

.debug_loc      0x00000000     0x2a66
 .debug_loc     0x00000000       0x25 ./src/hal_entry.o
 .debug_loc     0x00000025     0x14e6 ./ra/fsp/src/r_sci_uart/r_sci_uart.o
 .debug_loc     0x0000150b      0xdfe ./ra/fsp/src/r_ioport/r_ioport.o
 .debug_loc     0x00002309      0x24f ./ra/fsp/src/bsp/mcu/all/bsp_clocks.o
 .debug_loc     0x00002558       0x22 ./ra/fsp/src/bsp/mcu/all/bsp_common.o
 .debug_loc     0x0000257a      0x178 ./ra/fsp/src/bsp/mcu/all/bsp_delay.o
 .debug_loc     0x000026f2       0xaa ./ra/fsp/src/bsp/mcu/all/bsp_group_irq.o
 .debug_loc     0x0000279c      0x121 ./ra/fsp/src/bsp/mcu/all/bsp_irq.o
 .debug_loc     0x000028bd      0x105 ./ra/fsp/src/bsp/mcu/all/bsp_register_protection.o
 .debug_loc     0x000029c2       0xa4 ./ra/fsp/src/bsp/cmsis/Device/RENESAS/Source/system.o
