Extracting support files...
12:57:14 **** Incremental Build of configuration Debug for project inverter_display ****
make -j16 all 
arm-none-eabi-size --format=berkeley "inverter_display.elf"
   text	   data	    bss	    dec	    hex	filename
   5540	     12	   1604	   7156	   1bf4	inverter_display.elf
Extracting support files...
12:59:13 **** Incremental Build of configuration Debug for project inverter_display ****
make -j16 all 
Building file: ../src/hal_entry.c
Building target: inverter_display.elf
arm-none-eabi-objcopy -O srec "inverter_display.elf"  "inverter_display.srec"
arm-none-eabi-size --format=berkeley "inverter_display.elf"
   text	   data	    bss	    dec	    hex	filename
   5540	     12	   1604	   7156	   1bf4	inverter_display.elf
Extracting support files...
13:04:39 **** Incremental Build of configuration Debug for project inverter_display ****
make -j16 all 
Building file: ../src/hal_entry.c
Building target: inverter_display.elf
arm-none-eabi-objcopy -O srec "inverter_display.elf"  "inverter_display.srec"
arm-none-eabi-size --format=berkeley "inverter_display.elf"
   text	   data	    bss	    dec	    hex	filename
   5572	     12	   1604	   7188	   1c14	inverter_display.elf
Extracting support files...
13:28:26 **** Incremental Build of configuration Debug for project inverter_display ****
make -j16 all 
Building file: ../src/hal_entry.c
Building target: inverter_display.elf
arm-none-eabi-objcopy -O srec "inverter_display.elf"  "inverter_display.srec"
arm-none-eabi-size --format=berkeley "inverter_display.elf"
   text	   data	    bss	    dec	    hex	filename
   5616	     28	   1604	   7248	   1c50	inverter_display.elf
Extracting support files...
13:29:26 **** Incremental Build of configuration Debug for project inverter_display ****
make -j16 all 
Building file: ../src/hal_entry.c
../src/hal_entry.c: In function 'hal_entry':
../src/hal_entry.c:39:13: warning: unused variable 'init_cmd' [-Wunused-variable]
   39 |     uint8_t init_cmd[] =
      |             ^~~~~~~~
Building target: inverter_display.elf
arm-none-eabi-objcopy -O srec "inverter_display.elf"  "inverter_display.srec"
arm-none-eabi-size --format=berkeley "inverter_display.elf"
   text	   data	    bss	    dec	    hex	filename
   5540	     12	   1604	   7156	   1bf4	inverter_display.elf
Extracting support files...
13:30:00 **** Incremental Build of configuration Debug for project inverter_display ****
make -j16 all 
Building file: ../src/hal_entry.c
Building target: inverter_display.elf
arm-none-eabi-objcopy -O srec "inverter_display.elf"  "inverter_display.srec"
arm-none-eabi-size --format=berkeley "inverter_display.elf"
   text	   data	    bss	    dec	    hex	filename
   5540	     12	   1604	   7156	   1bf4	inverter_display.elf
Extracting support files...
13:43:07 **** Incremental Build of configuration Debug for project inverter_display ****
make -j16 all 
Building file: ../src/hal_entry.c
Building target: inverter_display.elf
arm-none-eabi-objcopy -O srec "inverter_display.elf"  "inverter_display.srec"
arm-none-eabi-size --format=berkeley "inverter_display.elf"
   text	   data	    bss	    dec	    hex	filename
   4644	      8	   1608	   6260	   1874	inverter_display.elf
Extracting support files...
13:51:00 **** Incremental Build of configuration Debug for project inverter_display ****
make -j16 all 
arm-none-eabi-size --format=berkeley "inverter_display.elf"
   text	   data	    bss	    dec	    hex	filename
   4644	      8	   1608	   6260	   1874	inverter_display.elf
Extracting support files...
13:52:26 **** Incremental Build of configuration Debug for project inverter_display ****
make -j16 all 
Building file: ../src/hal_entry.c
Building target: inverter_display.elf
arm-none-eabi-objcopy -O srec "inverter_display.elf"  "inverter_display.srec"
arm-none-eabi-size --format=berkeley "inverter_display.elf"
   text	   data	    bss	    dec	    hex	filename
   4644	      8	   1608	   6260	   1874	inverter_display.elf
Extracting support files...
13:53:24 **** Incremental Build of configuration Debug for project inverter_display ****
make -j16 all 
Building file: ../src/hal_entry.c
Building target: inverter_display.elf
arm-none-eabi-objcopy -O srec "inverter_display.elf"  "inverter_display.srec"
arm-none-eabi-size --format=berkeley "inverter_display.elf"
   text	   data	    bss	    dec	    hex	filename
   5540	     12	   1604	   7156	   1bf4	inverter_display.elf
Extracting support files...
14:01:24 **** Incremental Build of configuration Debug for project inverter_display ****
make -j16 all 
Building file: ../src/hal_entry.c
../src/hal_entry.c: In function 'hal_entry':
../src/hal_entry.c:62:13: warning: conversion from 'int' to 'unsigned char' may change value [-Wconversion]
   62 |             (value >> 8) & 0xFF,
      |             ^
../src/hal_entry.c:63:13: warning: conversion from 'int' to 'unsigned char' may change value [-Wconversion]
   63 |             value & 0xFF
      |             ^~~~~
Building target: inverter_display.elf
arm-none-eabi-objcopy -O srec "inverter_display.elf"  "inverter_display.srec"
arm-none-eabi-size --format=berkeley "inverter_display.elf"
   text	   data	    bss	    dec	    hex	filename
   5576	     28	   1604	   7208	   1c28	inverter_display.elf
Extracting support files...
14:03:44 **** Incremental Build of configuration Debug for project inverter_display ****
make -j16 all 
Building file: ../src/hal_entry.c
../src/hal_entry.c: In function 'hal_entry':
../src/hal_entry.c:80:13: warning: conversion from 'int' to 'unsigned char' may change value [-Wconversion]
   80 |             (value >> 8) & 0xFF,
      |             ^
../src/hal_entry.c:81:13: warning: conversion from 'int' to 'unsigned char' may change value [-Wconversion]
   81 |             value & 0xFF
      |             ^~~~~
../src/hal_entry.c: At top level:
../src/hal_entry.c:101:6: warning: no previous declaration for 'R_BSP_WarmStart' [-Wmissing-declarations]
  101 | void R_BSP_WarmStart(bsp_warm_start_event_t event)
      |      ^~~~~~~~~~~~~~~
Building target: inverter_display.elf
arm-none-eabi-objcopy -O srec "inverter_display.elf"  "inverter_display.srec"
arm-none-eabi-size --format=berkeley "inverter_display.elf"
   text	   data	    bss	    dec	    hex	filename
   5648	     28	   1604	   7280	   1c70	inverter_display.elf
Extracting support files...
15:27:53 **** Incremental Build of configuration Debug for project inverter_display ****
make -j16 all 
Building file: ../src/hal_entry.c
Building target: inverter_display.elf
arm-none-eabi-objcopy -O srec "inverter_display.elf"  "inverter_display.srec"
arm-none-eabi-size --format=berkeley "inverter_display.elf"
   text	   data	    bss	    dec	    hex	filename
   5536	     12	   1604	   7152	   1bf0	inverter_display.elf
